C C CD_EDUCATION_STATUS        CNT1 CD_PURCHASE_ESTIMATE       CNT2 CD_CREDIT_       CNT3 CD_DEP_COUNT       CNT4 CD_DEP_EMPLOYED_COUNT       CNT5 CD_DEP_COLLEGE_COUNT       CNT6
- - -------------------- ---------- -------------------- ---------- ---------- ---------- ------------ ---------- --------------------- ---------- -------------------- ----------
F D Advanced Degree               1                 3000          1 High Risk           1            2          1                     4          1                    5          1
F D Unknown                       1                 1500          1 Good                1            6          1                     5          1                    4          1
M D College                       1                 8500          1 Low Risk            1            3          1                     0          1                    1          1
M D Primary                       1                 7000          1 Unknown             1            2          1                     1          1                    1          1
M W Unknown                       1                 4500          1 Good                1            5          1                     0          1                    1          1



