CUSTOMER_ID      CUSTOMER_FIRST_NAME  CUSTOMER_LAST_NAME             C
---------------- -------------------- ------------------------------ -
AAAAAAAAAFGBBAAA Howard               Major                          Y
AAAAAAAAAMGDAAAA Kenneth              Harlan                         Y
AAAAAAAAAOPFBAAA Jerry                Fields                         Y
AAAAAAAABLEIBAAA Paula                Wakefield                      Y
AAAAAAAABNBBAAAA Irma                 Smith                          Y
AAAAAAAACADPAAAA Cristobal            Thomas                         Y
AAAAAAAACFENAAAA Christopher          Dawson
AAAAAAAACIJMAAAA Elizabeth            Thomas                         Y
AAAAAAAACJDIAAAA James                Kerr                           N
AAAAAAAACNAGBAAA Virginia             May                            N
AAAAAAAADBEFBAAA Bennie               Bowers                         N
AAAAAAAADCKOAAAA Robert               Gonzalez                       N
AAAAAAAADFKABAAA Latoya               Craft                          N
AAAAAAAADIIOAAAA David                Carroll                        Y
AAAAAAAADIJGBAAA Ruth                 Sanders                        N
AAAAAAAADLHBBAAA Henry                Bertrand                       N
AAAAAAAAEADJAAAA Ruth                 Carroll                        N
AAAAAAAAEJDLAAAA Alice                Wright                         N
AAAAAAAAEKFPAAAA Annika               Chin                           N
AAAAAAAAEKJLAAAA Aisha                Carlson                        Y
AAAAAAAAEPOGAAAA Felisha              Mendes                         Y
AAAAAAAAFACEAAAA Priscilla            Miller                         N
AAAAAAAAFBAHAAAA Michael              Williams                       N
AAAAAAAAFGIGAAAA Eduardo              Miller                         Y
AAAAAAAAFGPGAAAA Albert               Wadsworth                      Y
AAAAAAAAFMHIAAAA Emilio               Darling                        Y
AAAAAAAAFOGIAAAA Michelle             Greene                         N
AAAAAAAAFOJAAAAA Don                  Castillo                       Y
AAAAAAAAGEHIAAAA Tyler                Miller                         N
AAAAAAAAGHPBBAAA Nick                 Mendez                         Y
AAAAAAAAGNDAAAAA Terry                Mcdowell                       N
AAAAAAAAHGOABAAA Sonia                White                          N
AAAAAAAAHHCABAAA William              Stewart                        Y
AAAAAAAAHJLAAAAA Audrey               Beltran                        Y
AAAAAAAAHMJNAAAA Ryan                 Baptiste                       Y
AAAAAAAAHMOIAAAA Grace                Henderson                      N
AAAAAAAAIADEBAAA Diane                Aldridge                       N
AAAAAAAAIBAEBAAA Sandra               Wilson                         N
AAAAAAAAIBFCBAAA Ruth                 Grantham                       N
AAAAAAAAIBHHAAAA Jennifer             Ballard                        Y
AAAAAAAAICHFAAAA Linda                Mccoy                          N
AAAAAAAAIDKFAAAA Michael              Mack                           N
AAAAAAAAIJEMAAAA Charlie              Cummings                       Y
AAAAAAAAIMHBAAAA Kathy                Knowles                        N
AAAAAAAAIMHHBAAA Lillian              Davidson                       Y
AAAAAAAAJDBLAAAA Melvin               Taylor                         Y
AAAAAAAAJEKFBAAA Norma                Burkholder                     N
AAAAAAAAJGMMAAAA Richard              Larson                         Y
AAAAAAAAJIALAAAA Santos               Gutierrez                      N
AAAAAAAAJKBNAAAA Julie                Kern                           N
AAAAAAAAJMHLAAAA Wanda                Ryan                           Y
AAAAAAAAJONHBAAA Warren               Orozco                         N
AAAAAAAAJPINAAAA Rose                 Waite                          Y
AAAAAAAAKAECAAAA Milton               Mackey                         N
AAAAAAAAKAPPAAAA Karen                Parker                         Y
AAAAAAAAKJBKAAAA Georgia              Scott                          N
AAAAAAAAKJBLAAAA Kerry                Davis                          Y
AAAAAAAAKKGEAAAA Katie                Dunbar                         N
AAAAAAAAKLHHBAAA Manuel               Castaneda                      N
AAAAAAAAKNAKAAAA Gladys               Banks                          N
AAAAAAAALFKKAAAA Ignacio              Miller                         Y
AAAAAAAALHMCAAAA Brooke               Nelson                         Y
AAAAAAAALIOPAAAA Derek                Allen                          Y
AAAAAAAALJNCBAAA George               Gamez                          Y
AAAAAAAAMDCAAAAA Louann               Hamel                          Y
AAAAAAAAMFFLAAAA Margret              Gray                           Y
AAAAAAAAMMOBBAAA Margaret             Smith                          N
AAAAAAAANFBDBAAA Vernice              Fernandez                      Y
AAAAAAAANGDBBAAA Carlos               Jewell                         N
AAAAAAAANIPLAAAA Eric                 Lawrence                       Y
AAAAAAAANJAGAAAA Allen                Hood                           Y
AAAAAAAANJHCBAAA Christopher          Schreiber                      N
AAAAAAAANJOLAAAA Debra                Underwood                      Y
AAAAAAAAOBADBAAA Elizabeth            Burnham                        N
AAAAAAAAOCAJAAAA Jenna                Staton                         N
AAAAAAAAOCLBBAAA
AAAAAAAAODMMAAAA Gayla                Cline                          N
AAAAAAAAOFLCAAAA James                Taylor                         N
AAAAAAAAOPDLAAAA Ann                  Pence                          N
AAAAAAAAPDFBAAAA Terrance             Banks                          Y
AAAAAAAAPEHEBAAA Edith                Molina                         Y
AAAAAAAAPFCLAAAA Felicia              Neville                        N
AAAAAAAAPICEAAAA Jennifer             Cortez                         Y
AAAAAAAAPJENAAAA Ashley               Norton                         Y
AAAAAAAAPKBCBAAA Andrea               White                          N
AAAAAAAAPKIKAAAA Wendy                Horvath                        Y
AAAAAAAAPMMBBAAA Paul                 Jordan                         N
AAAAAAAAPPIBBAAA Candice              Lee                            Y
