I_ITEM_ID        I_ITEM_DESC                                                                                                                                                                                              S_ STORE_SALES_QUANTITYCOUNT STORE_SALES_QUANTITYAVE STORE_SALES_QUANTITYSTDEV STORE_SALES_QUANTITYCOV    STORE_RETURNS_QUANTITYCOUNT    STORE_RETURNS_QUANTITYAV   STORE_RETURNS_QUANTITYSTDEV STORE_RETURNS_QUANTITYCOV CATALOG_SALES_QUANTITYCOUNT CATALOG_SALES_QUANTITYAVE CATALOG_SALES_QUANTITYSTDEV CATALOG_SALES_QUANTITYCOVE
---------------- -------------------------------------------------------------------------------------------------------------------------------------------------------------------------------------------------------- -- ------------------------- ----------------------- ------------------------- ----------------------- ------------------------------ ---------------------------- ---------------------------- ------------------------- --------------------------- ------------------------- --------------------------- --------------------------
AAAAAAAAKPFEAAAA Recently right                                                                                                                                                                                           TN                         1                      99                                                                                1                           66                                                                                  1                        32


