I_ITEM_ID        I_ITEM_DESC                                                                                                                                                                                              I_CATEGORY                                         I_CLASS                                            I_CURRENT_PRICE ITEMREVENUE REVENUERATIO
---------------- -------------------------------------------------------------------------------------------------------------------------------------------------------------------------------------------------------- -------------------------------------------------- -------------------------------------------------- --------------- ----------- ------------
AAAAAAAAOJGAAAAA                                                                                                                                                                                                          Books                                                                                                                     2838.09   24.1097801
AAAAAAAAAAKAAAAA Small, political activities help great, bad policies. Therefore square features provide on a machines. Rules make over me                                                                                Books                                              arts                                                          2.42     6478.75   3.22881194
AAAAAAAAACKBAAAA Clinical, inc initiatives make specially according to a activities.                                                                                                                                      Books                                              arts                                                          6.92     1806.72   .900414295
AAAAAAAAAIJCAAAA Simply small grounds use exactly effects. Services could kill especially aware, large observers. Civil, relevant years ensure regulations; clear drawings realize actors. Products employ a              Books                                              arts                                                          1.76    14302.11   7.12773661
AAAAAAAAAJIAAAAA Joint, superior police would use through an restrictions. Buyers ought to contract generally in a efforts. Days cut also sure, frequent s                                                                Books                                              arts                                                           .43      1094.8    .54561502
AAAAAAAABFHDAAAA Little days answer in a emotions; players touch.                                                                                                                                                         Books                                              arts                                                          2.58     6331.08   3.15521771
AAAAAAAABHDCAAAA Minor heads close common children; recently strong firms provide. Useful, young men ought to create changes. Popular, common regulations might decide. Points fit. Obvious, glad officials               Books                                              arts                                                          3.88     2596.68   1.29410633
AAAAAAAACBACAAAA Remaining, main passengers go far sure men.                                                                                                                                                              Books                                              arts                                                          4.78       700.7   .349207567
AAAAAAAACKDBAAAA Positions can win increasingly entire units. Unions used to exclude fairly afraid fans. National fields appear also ways. Great lips print new teachers. Constant, primary deaths expect a little        Books                                              arts                                                          3.82     2828.38   1.40957856
AAAAAAAACKEAAAAA Legs appear eventually soci                                                                                                                                                                              Books                                              arts                                                         35.27       438.7   .218634736
AAAAAAAACMDCAAAA Black, powerful others go now years. Diverse orders might not mean away medium minutes; tight authorities ought to put however for the things                                                            Books                                              arts                                                          2.75     6743.51   3.36076027
AAAAAAAACNEDAAAA Particularly labour stores get farmers. Hence true records see rel                                                                                                                                       Books                                              arts                                                          6.89      9386.8   4.67809561
AAAAAAAADCCDAAAA Glad users understand very almost original jobs. Towns can understand. Supreme, following days work by a parents; german, crucial weapons work sure; fair pictur                                         Books                                              arts                                                          7.18     3375.52    1.6822565
AAAAAAAADJFCAAAA Significant, preliminary boys can remain lightly more pale discussion                                                                                                                                    Books                                              arts                                                          2.74     3316.75   1.65296732
AAAAAAAADPCCAAAA Especially true items might supply particularly. Black, automatic words might develop post-war problems. Fresh, visible workers could not appe                                                           Books                                              arts                                                          4.23     4567.89   2.27649744
AAAAAAAAEDKDAAAA Times live now to a sales. British years bring all financ                                                                                                                                                Books                                              arts                                                          4.24      5014.9   2.49927363
AAAAAAAAEGAEAAAA Far injuries pay so various arms. Courses could go anywhere universal possibilities; talks stand since mean, colonial scho                                                                               Books                                              arts                                                          9.57     17491.2   8.71708207
AAAAAAAAEPDDAAAA Services used to work most new provi                                                                                                                                                                     Books                                              arts                                                          2.84      481.44   .239935052
AAAAAAAAEPKAAAAA Here political studies give once at the qu                                                                                                                                                               Books                                              arts                                                          1.78     2562.67   1.27715678
AAAAAAAAFBMBAAAA Years light glasses. Contemporary members might detect even drawings. Private instructions ought to expect well main streets. Children will say well; usually young members ought to ensure enough.      Books                                              arts                                                          4.78     1718.83   .856612592
AAAAAAAAFCKCAAAA Brilliant, acceptable resources might not pick as. Positive, married parties support only strongly impossible needs. Photogra                                                                            Books                                              arts                                                          2.44     2958.33   1.47434169
AAAAAAAAGAKAAAAA Especially early girls glance however specific, relevant steps. Financial worlds telephone most dark gains. Warm, outdoor devices defend besides. Unions must not say narrow powers; individual ti       Books                                              arts                                                          8.96     2310.78   1.15162247
AAAAAAAAGFHBAAAA Contemporary occasions provide she                                                                                                                                                                       Books                                              arts                                                          1.75    11988.75   5.97482835
AAAAAAAAGHOBAAAA Fully existing proceedings could not tak                                                                                                                                                                 Books                                              arts                                                          8.66     2402.76    1.1974625
AAAAAAAAGOKBAAAA Othe                                                                                                                                                                                                     Books                                              arts                                                         60.94     2242.14   1.11741438
AAAAAAAAHPNCAAAA Correct, certain humans cut                                                                                                                                                                              Books                                              arts                                                         37.98     6152.65   3.06629362
AAAAAAAAIAOAAAAA Professional circumstances could live else others. Symptoms can see very leaves. Just personal institutions used to go. Capable workers used to play then able police.                                   Books                                              arts                                                           2.4     2219.11   1.10593693
AAAAAAAAIEPCAAAA New, popular years should think. Shareholders speak also friends; special members could not identify social eyes; indoors full                                                                           Books                                              arts                                                           .91     5462.06   2.72212457
AAAAAAAAIHKBAAAA Very historic arms may happen even able exis                                                                                                                                                             Books                                              arts                                                          9.19     8280.09   4.12654501
AAAAAAAAIIPDAAAA Af                                                                                                                                                                                                       Books                                              arts                                                          6.04     4695.48   2.34008441
AAAAAAAAIJGAAAAA Then western animals could teach somewhere. Today waiting servants confuse                                                                                                                               Books                                              arts                                                           4.1     1589.42   .792118584
AAAAAAAAJJDBAAAA Problems compete with a sets. Interesting, automatic pounds tell complete hills.                                                                                                                         Books                                              arts                                                           1.2    18501.43   9.22054997
AAAAAAAAKGBAAAAA Light moments cannot date following sy                                                                                                                                                                   Books                                              arts                                                           5.6     9688.12   4.82826433
AAAAAAAAKICDAAAA Wet, concerned representatives get up to a owners. Necessary, like                                                                                                                                       Books                                              arts                                                          1.89    10823.82   5.39426267
AAAAAAAAMFFAAAAA Communities used to relocate clearly strange, new walls; european, rich championships make current depths. Sure studies may reflect only instinctively old forces. Foreign, diverse                      Books                                              arts                                                          8.22     3557.07    1.7727355
AAAAAAAANIBAAAAA Beneath decent wives write t                                                                                                                                                                             Books                                              arts                                                          2.72     2235.93    1.1143195
AAAAAAAAOJJCAAAA Troops take only, right dogs. Briefly genuine eyes used to provide mutually coming, just parents. Too social services shall feel only rec                                                                Books                                              arts                                                           6.4     2193.52   1.09318365
AAAAAAAAOKPBAAAA Just good settings must not make; payments assure to a bishops. Principal, sorry amounts would safeguard very so other leaders; tory, substantial stairs m                                               Books                                              arts                                                           2.6     5632.64   2.80713645
AAAAAAAAOPKCAAAA Less imp                                                                                                                                                                                                 Books                                              arts                                                          9.12      1511.6   .753335463
AAAAAAAAPIEBAAAA Main cheeks must put                                                                                                                                                                                     Books                                              arts                                                           .45       13.44   .006698087
AAAAAAAAPLLDAAAA Old eyes could not give later issues. Claims might                                                                                                                                                       Books                                              arts                                                             9     4957.73   2.47078184
AAAAAAAAABMBAAAA Situations retain; units might sit operations; girls shall make. Ca                                                                                                                                      Books                                              business                                                      3.16      905.62   .577071314
AAAAAAAAACEBAAAA Prese                                                                                                                                                                                                    Books                                              business                                                     15.17     5628.92   3.58681154
AAAAAAAAADFAAAAA Satisfactory, technical shadows get. Lexical structures would not blame. Only hard                                                                                                                       Books                                              business                                                     78.25     9249.55   5.89391795
AAAAAAAAAKBDAAAA Essential students change even despite a powers. General connections will not maximi                                                                                                                     Books                                              business                                                       3.1     1162.52   .740770902
AAAAAAAAANHCAAAA High ministers should not remove for a stations. Certain, linear weeks might not ask so from a improvements. Lakes must not implement f                                                                  Books                                              business                                                       4.8      504.32   .321358412
AAAAAAAABIPBAAAA Ultimate, other objects might not install good                                                                                                                                                           Books                                              business                                                      2.57     2399.32   1.52887386
AAAAAAAABKACAAAA Total pp. accept with a questions; able, generous a                                                                                                                                                      Books                                              business                                                      5.25     6380.42   4.06567584
AAAAAAAACDBCAAAA Tiny years could run too above tough volumes. New germans must not leave as possible sales; inj                                                                                                          Books                                              business                                                      1.22     5339.66   3.40249179
AAAAAAAACDIBAAAA Small results would go colours; sexual agencies ought to assure moreover unique premises; then complex provisions use often normal windows. Better educational girls should not believe however struct   Books                                              business                                                      9.78      566.04   .360687095
AAAAAAAACEACAAAA Other, direct letters ought to make from a ways. British, large men could not work a                                                                                                                     Books                                              business                                                       .48     9562.96   6.09362635
AAAAAAAACPODAAAA Cells stay economic, thin members. Soon special conservatives solve to the figu                                                                                                                          Books                                              business                                                      2.93    13212.32   8.41903985
AAAAAAAADHNCAAAA Originally major industries matter mediterranean bodies. Cases should not                                                                                                                                Books                                              business                                                     45.06       303.7   .193521077
AAAAAAAADNDDAAAA Clear, harsh police used to include large, appropriate plans. Prices could produce more. There white weapons expect directly free conclusions. Responsibl                                                Books                                              business                                                      4.57     3220.52    2.0521518
AAAAAAAAEICAAAAA Cases include proudly without a columns. Solid, pre                                                                                                                                                      Books                                              business                                                      2.42     7199.25   4.58744359
AAAAAAAAEILDAAAA Bad, able systems shall fall else. Nuclear, economic ways put in an paths. Serious, labour women must not muster however. Wide new readers ought to help                                                 Books                                              business                                                      1.36     1349.33   .859808349
AAAAAAAAFGJCAAAA Secondary, red structures may seek eyes. High true titles should make now junior fat thoughts. Partly excellent authorities receive direct, net parties. Parents look most also other issues. Empty, con Books                                              business                                                      8.59     3655.68   2.32944067
AAAAAAAAFLMDAAAA Significantly relevant colleges extract knowingly broad investors. Entire members stay. Mediterranean legs would cut on the knees. Forthcoming, particular students u                                    Books                                              business                                                      4.81     1809.71    1.1531677
AAAAAAAAGFDCAAAA Particularly medieval blocks would not find slightly with a carers. Years respond about at a sec                                                                                                         Books                                              business                                                         6      318.24    .20278613
AAAAAAAAGONBAAAA Ever top offers might struggle far, automatic men. Long-term, long goods dare however; new, other gr                                                                                                     Books                                              business                                                       2.3     1639.26   1.04455503
AAAAAAAAIBKDAAAA Hundreds drop nearly unacceptable accidents. Then strong methods tell large unions. Short companies should help so. Moves shall not set later chief problems. R                                          Books                                              business                                                       .78     1490.85   .949986494
AAAAAAAAIINDAAAA Frames can park highly parents. White ma                                                                                                                                                                 Books                                              business                                                      6.97     4313.52   2.74862377
AAAAAAAAIJECAAAA Difficult, royal units put particularly significant, other plans. Essential, contemporary journals will need players. Alternatively parental                                                             Books                                              business                                                      4.34        2268   1.44519527
AAAAAAAAIJJCAAAA Euro                                                                                                                                                                                                     Books                                              business                                                      3.01     4889.34   3.11554279
AAAAAAAAIKEAAAAA All                                                                                                                                                                                                      Books                                              business                                                      9.44      182.52    .11630381
AAAAAAAAIPADAAAA Orders go into the documents. Social, existing specialists will seem twice associated wishes. Finally nation                                                                                             Books                                              business                                                      5.15      242.88   .154765885
AAAAAAAAJMEDAAAA Personal, significant activities agree only by a couples. Elaborate aut                                                                                                                                  Books                                              business                                                      3.06       85.26   .054328637
AAAAAAAAKAJDAAAA Short neighbours implement innocently tiny titles. Briefly simple years should not tell potentially successful, whole years. Orange workers carry; home hot feet l                                       Books                                              business                                                      4.43     4949.49   3.15387105
AAAAAAAAKAKAAAAA Still urban stages shall not take for a legs. Other, holy demands pay further young, positive numbers. A little criminal i                                                                               Books                                              business                                                      7.68     9959.06   6.34602575
AAAAAAAAKMAAAAAA Plans consult interested, light boys. Selective, other problems create scientific, young parties. Sufficient speakers might not kiss too social, basic interests. Dual, other times s                    Books                                              business                                                       .19      910.16   .579964254
AAAAAAAALDFAAAAA Hands may not allow only in a lands; linear, other pubs say; social, precise women identify for a patients. Preferences develop alone now rich motives. Ever good tas                                    Books                                              business                                                      3.68     1816.45    1.1574625
AAAAAAAALGBBAAAA Modern records retain about there civil plans. Social bodies survive. Great, living losses bother late, coherent others. About british sports ought to use cautiously from                               Books                                              business                                                      1.94     1252.09    .79784592
AAAAAAAAMALDAAAA Here final difficulties would not comply just legal good motives. Enough sensitive things could not spend obviously with a systems. In pu                                                                Books                                              business                                                     91.76      356.85   .227388859
AAAAAAAAMIGCAAAA Carefully physical hotels must put together; similar details cannot appreciate by a standards. Rates can break m                                                                                         Books                                              business                                                      6.63      562.96   .358724484
AAAAAAAAMIMCAAAA About likely houses like international members. Final, relevant birds answer after the paintings. Hungry, personal days borrow tiny, primary resources. As social relations could choose quite also      Books                                              business                                                       .77     2889.22   1.84104369
AAAAAAAAMKHAAAAA Unions shall see enough over true attitudes; of course full variable                                                                                                                                     Books                                              business                                                       8.9     15263.9   9.72632985
AAAAAAAAMKNDAAAA Special, clear elements would buy at a games. Things should spot today strange, only devices. Armies should like at a patients. Hands could perform simply narrow values. N                              Books                                              business                                                      1.28     1069.76    .68166318
AAAAAAAANACBAAAA New teachers might demand never assets. Deeply bright ministers make generally never prime imports. Odd writings step common readers; talks take young, r                                                Books                                              business                                                      2.95     3975.16   2.53301695
AAAAAAAAPDNAAAAA Local, unlikely bits sign completely. Areas feel only manufacturing legs. Amounts must go personal, very things; areas could take clo                                                                    Books                                              business                                                       5.2     3545.37   2.25914989
AAAAAAAAPEKCAAAA Alone countries must use so old, international functions. Only public cases see in a words. Normal methods forget even communist changes; technical numbers convert either natu                          Books                                              business                                                      4.67     3899.62     2.484882
AAAAAAAAPGDBAAAA Certainly remaining flowers can wonder then just significant papers; places secure below as a bombs. Other, domestic members must allow very polite thi                                                  Books                                              business                                                        .6    12462.77    7.9414181
AAAAAAAAPHJAAAAA Possibly great customs suit close looks. Capable, frequent processes shall pass possible dangers; hard, private words act measures. Mysterious, acceptable fac                                           Books                                              business                                                      6.64     6141.24   3.91326764
AAAAAAAAAALDAAAA Forward liable funds may not end from time to time local, domestic chiefs. Major, well-known newspapers can regain together new, white conclusions. Very vital employees can draw                        Books                                              computers                                                    17.54      588.01   .311079714
AAAAAAAAAHKDAAAA Decisions play actually exclusive activities. Well assistant e                                                                                                                                           Books                                              computers                                                     8.77     1619.66   .856861908
AAAAAAAAAKGDAAAA Tonnes could use slowly off a servants. Initial letters must walk now companies; rapid, previous towns put here large, prime needs. Historical, negative grou                                            Books                                              computers                                                      .19      3319.1   1.75593048
AAAAAAAAAOBCAAAA Years should try in line with a conditions. Pp. spend well evenings. Other, afraid sides speculate at a years. Options ought to know leading, app                                                        Books                                              computers                                                     5.23     8468.08   4.47993726
AAAAAAAABHEEAAAA Subjects may remain officials. Forward, straight objects used to see wh                                                                                                                                  Books                                              computers                                                     6.97     13658.4   7.22581448
AAAAAAAABLMBAAAA External improvements effect so tough words. Great roads cause quickly popular, black stories. Clearly white members might ask enough details. Min                                                       Books                                              computers                                                    31.74     4154.04   2.19764558
AAAAAAAACHOCAAAA Final governm                                                                                                                                                                                            Books                                              computers                                                     6.22     5102.98   2.69967103
AAAAAAAACOHDAAAA Left, important sports shall get on an specialists. Overall, e                                                                                                                                           Books                                              computers                                                     3.56    14321.37   7.57655089
AAAAAAAAEANCAAAA Ye                                                                                                                                                                                                       Books                                              computers                                                     9.75     1367.76   .723597201
AAAAAAAAEAPAAAAA Just distinct children think individuals; popular arguments develop here cautious methods; appropriate children might beat. Proper, empirical hundreds fall oth                                          Books                                              computers                                                     4.01       328.5   .173789028
AAAAAAAAEDMAAAAA Books understand. Principles produce just at a premises. Years                                                                                                                                           Books                                              computers                                                    44.48      188.86   .099914142
AAAAAAAAFEEAAAAA Capital, united feelings paint only things. Greatly financial economies should not pay somewhere soviet necessary armies; educational concepts mus                                                       Books                                              computers                                                     3.83      812.19   .429679484
AAAAAAAAFLFEAAAA Social weeks may hope. However parental objects shall get just potential logical stations. Agreements attend on a arms; circa real reforms may interpret dogs. T                                         Books                                              computers                                                     2.06      449.61   .237860836
AAAAAAAAGENAAAAA Genera                                                                                                                                                                                                   Books                                              computers                                                     2.84      950.58   .502893071
AAAAAAAAGHCBAAAA Hundreds would meet regardless german, foreign scien                                                                                                                                                     Books                                              computers                                                     9.77      1969.6   1.04199351
AAAAAAAAGNGBAAAA Brilliant, massive prisons take still national others. Only northern guidelines go right by the lips. General, spiritual walls shall reach in a languages. British nations eat substantial polici        Books                                              computers                                                     3.42      377.26   .199584927
AAAAAAAAHPADAAAA Used, young sizes take requirements. Electoral, standard stones worry still private scenes. Major, still bedrooms say all once effective years. Long new moments will own after the                      Books                                              computers                                                     9.19       690.9   .365512448
AAAAAAAAIAMAAAAA Alone walls mus                                                                                                                                                                                          Books                                              computers                                                        2     4530.16    2.3966274

