I_PRODUCT_NAME|I_BRAND|I_CLASS|I_CATEGORY|QOH
ationbarn station                                 ||||430.357724
ationbarn station                                 |amalgbrand #8                                     |||430.357724
ationbarn station                                 |amalgbrand #8                                     |bathroom                                          ||430.357724
ationbarn station                                 |amalgbrand #8                                     |bathroom                                          |Home                                              |430.357724
ationoughtn stn st                                ||||435.265060
ationoughtn stn st                                |edu packimporto #2                                |||435.265060
ationoughtn stn st                                |edu packimporto #2                                |sports-apparel                                    ||435.265060
ationoughtn stn st                                |edu packimporto #2                                |sports-apparel                                    |Men                                               |435.265060
ationationprin st                                 ||||435.510288
ationationprin st                                 |amalgexporti #2                                   |||435.510288
ationationprin st                                 |amalgexporti #2                                   |newborn                                           ||435.510288
ationationprin st                                 |amalgexporti #2                                   |newborn                                           |Children                                          |435.510288
oughtcallyn stantiought                           ||||436.494024
oughtcallyn stantiought                           |corpcorp #2                                       |||436.494024
oughtcallyn stantiought                           |corpcorp #2                                       |rings                                             ||436.494024
oughtcallyn stantiought                           |corpcorp #2                                       |rings                                             |Jewelry                                           |436.494024
callyesebaration                                  ||||437.394309
callyesebaration                                  |namelesscorp #7                                   |||437.394309
callyesebaration                                  |namelesscorp #7                                   |mens watch                                        ||437.394309
callyesebaration                                  |namelesscorp #7                                   |mens watch                                        |Jewelry                                           |437.394309
n stprieingationought                             ||||439.064777
n stprieingationought                             |namelesscorp #8                                   |||439.064777
n stprieingationought                             |namelesscorp #8                                   |mens watch                                        ||439.064777
n stprieingationought                             |namelesscorp #8                                   |mens watch                                        |Jewelry                                           |439.064777
priationn stn st                                  ||||439.096000
priationn stn st                                  |importoscholar #2                                 |||439.096000
priationn stn st                                  |importoscholar #2                                 |country                                           ||439.096000
priationn stn st                                  |importoscholar #2                                 |country                                           |Music                                             |439.096000
n stcallyableoughtought                           ||||439.718367
n stcallyableoughtought                           |amalgimporto #2                                   |||439.718367
n stcallyableoughtought                           |amalgimporto #2                                   |accessories                                       ||439.718367
n stcallyableoughtought                           |amalgimporto #2                                   |accessories                                       |Men                                               |439.718367
n stbarought                                      ||||440.314741
n stbarought                                      |corpbrand #10                                     |||440.314741
n stbarought                                      |corpbrand #10                                     |rugs                                              ||440.314741
n stbarought                                      |corpbrand #10                                     |rugs                                              |Home                                              |440.314741
n stn stantioughtought                            ||||440.928571
n stn stantioughtought                            |exportimaxi #8                                    |||440.928571
n stn stantioughtought                            |exportimaxi #8                                    |computers                                         ||440.928571
n stn stantioughtought                            |exportimaxi #8                                    |computers                                         |Books                                             |440.928571
n stcallyesepriought                              ||||441.541833
n stcallyesepriought                              |edu packscholar #2                                |||441.541833
n stcallyesepriought                              |edu packscholar #2                                |classical                                         ||441.541833
n stcallyesepriought                              |edu packscholar #2                                |classical                                         |Music                                             |441.541833
priantiationation                                 ||||441.670732
priantiationation                                 |importoimporto #2                                 |||441.670732
priantiationation                                 |importoimporto #2                                 |shirts                                            ||441.670732
priantiationation                                 |importoimporto #2                                 |shirts                                            |Men                                               |441.670732
oughtbarantiese                                   ||||441.745968
oughtbarantiese                                   |exportiedu pack #2                                |||441.745968
oughtbarantiese                                   |exportiedu pack #2                                |kids                                              ||441.745968
oughtbarantiese                                   |exportiedu pack #2                                |kids                                              |Shoes                                             |441.745968
oughtbarprin st                                   ||||442.073469
oughtbarprin st                                   |edu packscholar #2                                |||442.073469
oughtbarprin st                                   |edu packscholar #2                                |classical                                         ||442.073469
oughtbarprin st                                   |edu packscholar #2                                |classical                                         |Music                                             |442.073469
ationeingation                                    ||||443.782258
ationeingation                                    |amalgexporti #2                                   |||443.782258
ationeingation                                    |amalgexporti #2                                   |newborn                                           ||443.782258
ationeingation                                    |amalgexporti #2                                   |newborn                                           |Children                                          |443.782258
ationbarn stableought                             ||||444.092742
ationbarn stableought                             |corpbrand #8                                      |||444.092742
ationbarn stableought                             |corpbrand #8                                      |rugs                                              ||444.092742
ationbarn stableought                             |corpbrand #8                                      |rugs                                              |Home                                              |444.092742
eseationcallyableought                            ||||444.544355
eseationcallyableought                            |importoexporti #1                                 |||444.544355
eseationcallyableought                            |importoexporti #1                                 |infants                                           ||444.544355
eseationcallyableought                            |importoexporti #1                                 |infants                                           |Children                                          |444.544355
eingableableationought                            ||||444.714286
eingableableationought                            |amalgimporto #1                                   |||444.714286
eingableableationought                            |amalgimporto #1                                   |accessories                                       ||444.714286
eingableableationought                            |amalgimporto #1                                   |accessories                                       |Men                                               |444.714286
n steseantiation                                  ||||445.331967
n steseantiation                                  |univmaxi #10                                      |||445.331967
n steseantiation                                  |univmaxi #10                                      |pools                                             ||445.331967
n steseantiation                                  |univmaxi #10                                      |pools                                             |Sports                                            |445.331967
antibareingantiought                              ||||445.406504
antibareingantiought                              |importoimporto #2                                 |||445.406504
antibareingantiought                              |importoimporto #2                                 |shirts                                            ||445.406504
antibareingantiought                              |importoimporto #2                                 |shirts                                            |Men                                               |445.406504
ationantibarationought                            ||||445.419087
ationantibarationought                            |univmaxi #8                                       |||445.419087
ationantibarationought                            |univmaxi #8                                       |pools                                             ||445.419087
ationantibarationought                            |univmaxi #8                                       |pools                                             |Sports                                            |445.419087
oughtpricallybarought                             ||||445.485944
oughtpricallybarought                             |edu packexporti #2                                |||445.485944
oughtpricallybarought                             |edu packexporti #2                                |school-uniforms                                   ||445.485944
oughtpricallybarought                             |edu packexporti #2                                |school-uniforms                                   |Children                                          |445.485944
ableationprieing                                  ||||445.995833
ableationprieing                                  |amalgamalg #1                                     |||445.995833
ableationprieing                                  |amalgamalg #1                                     |dresses                                           ||445.995833
ableationprieing                                  |amalgamalg #1                                     |dresses                                           |Women                                             |445.995833
pribarpribarought                                 ||||446.040816
pribarpribarought                                 |edu packimporto #2                                |||446.040816
pribarpribarought                                 |edu packimporto #2                                |sports-apparel                                    ||446.040816
pribarpribarought                                 |edu packimporto #2                                |sports-apparel                                    |Men                                               |446.040816
oughtn stprin st                                  ||||447.266667
oughtn stprin st                                  |exportiamalgamalg #8                              |||447.266667
oughtn stprin st                                  |exportiamalgamalg #8                              |stereo                                            ||447.266667
oughtn stprin st                                  |exportiamalgamalg #8                              |stereo                                            |Electronics                                       |447.266667
(100 rows)
