
SUM(SALES)
----------
  17030.91


C_LAST_NAME                    C_FIRST_NAME              SALES
------------------------------ -------------------- ----------
Brown                          Monika                  6031.52
Collins                        Gordon                   727.57
Green                          Jesse                   9672.96
                               Robert                   598.86
