C_LAST_NAME                    C_FIRST_NAME              SALES
------------------------------ -------------------- ----------
                               Robert                   598.86
Brown                          Monika                  6031.52
Collins                        Gordon                   727.57
Green                          Jesse                   9672.96
