C_LAST_NAME                    C_FIRST_NAME        S_STORE_NAME                                                                PAID
------------------------------ -------------------- -------------------------------------------------- ------------------------------
Martins                        Cara                 bar                                                                        241.96
Smallwood                      Rhonda               bar                                                                       3089.28
Terry                          Sandra               bar                                                                        509.42

