C_LAST_NAME                    C_FIRST_NAME        S_STORE_NAME                                                                PAID
------------------------------ -------------------- -------------------------------------------------- ------------------------------
Hamlin                         Heather              able                                                                       149.65
Martin                         Harold               bar                                                                       5834.88
Nall                           Mike                 able                                                                        999.7
Southern                       Jeannie              bar                                                                        446.31
