I_ITEM_ID        I_ITEM_DESC                                                                                                                                                                                              S_STORE_ID       S_STORE_NAME                                       STORE_SALES_PROFIT STORE_RETURNS_LOSS CATALOG_SALES_PROFIT
---------------- -------------------------------------------------------------------------------------------------------------------------------------------------------------------------------------------------------- ---------------- -------------------------------------------------- ------------------ ------------------ --------------------
AAAAAAAADPMBAAAA Things know alone letters. Flights should tend even jewish fees. Civil plans could not cry also social days; other losses might not pay walls; still able signs should not remove too human              AAAAAAAAHAAAAAAA ation                                                           12.84              91.41             -1329.46



