     B1_LP     B1_CNT    B1_CNTD      B2_LP     B2_CNT    B2_CNTD      B3_LP     B3_CNT    B3_CNTD      B4_LP     B4_CNT    B4_CNTD      B5_LP     B5_CNT    B5_CNTD      B6_LP     B6_CNT    B6_CNTD
---------- ---------- ---------- ---------- ---------- ---------- ---------- ---------- ---------- ---------- ---------- ---------- ---------- ---------- ---------- ---------- ---------- ----------
 77.717478      36142       9210 69.5026633      35250       6592 134.011514      27875       9741 82.5527742      31422       7678 61.8260496      36100       8664 39.2795557      29776       5210



