I_ITEM_ID        I_ITEM_DESC                                                                                                                                                                                              S_STORE_ID       S_STORE_NAME                                       STORE_SALES_QUANTITY STORE_RETURNS_QUANTITY CATALOG_SALES_QUANTITY
---------------- -------------------------------------------------------------------------------------------------------------------------------------------------------------------------------------------------------- ---------------- -------------------------------------------------- -------------------- ---------------------- ----------------------
AAAAAAAABOKDAAAA Immediate women sell. Slowly sure measures might ensure in order from a duties. Privately aware damages may compensate so for example previous letters                                                   AAAAAAAABAAAAAAA ought                                                                99                     81                     22



