CA C C CD_DEP_COUNT       CNT1 MIN(CD_DEP_COUNT) MAX(CD_DEP_COUNT) AVG(CD_DEP_COUNT) CD_DEP_EMPLOYED_COUNT       CNT2 MIN(CD_DEP_EMPLOYED_COUNT) MAX(CD_DEP_EMPLOYED_COUNT) AVG(CD_DEP_EMPLOYED_COUNT) CD_DEP_COLLEGE_COUNT       CNT3 MIN(CD_DEP_COLLEGE_COUNT) MAX(CD_DEP_COLLEGE_COUNT) AVG(CD_DEP_COLLEGE_COUNT)
-- - - ------------ ---------- ----------------- ----------------- ----------------- --------------------- ---------- -------------------------- -------------------------- -------------------------- -------------------- ---------- ------------------------- ------------------------- -------------------------
AK F D            1          1                 1                 1                 1                     2          1                          2                          2                          2                    2          1                         2                         2                         2
AK F D            5          1                 5                 5                 5                     3          1                          3                          3                          3                    3          1                         3                         3                         3
AK F M            0          1                 0                 0                 0                     6          1                          6                          6                          6                    0          1                         0                         0                         0
AK F M            4          1                 4                 4                 4                     2          1                          2                          2                          2                    0          1                         0                         0                         0
AK F M            5          1                 5                 5                 5                     2          1                          2                          2                          2                    2          1                         2                         2                         2
AK F S            2          1                 2                 2                 2                     3          1                          3                          3                          3                    0          1                         0                         0                         0
AK F S            2          1                 2                 2                 2                     3          1                          3                          3                          3                    3          1                         3                         3                         3
AK F S            2          1                 2                 2                 2                     5          1                          5                          5                          5                    2          1                         2                         2                         2
AK F S            3          1                 3                 3                 3                     0          1                          0                          0                          0                    2          1                         2                         2                         2
AK F S            4          1                 4                 4                 4                     1          1                          1                          1                          1                    6          1                         6                         6                         6
AK F S            5          1                 5                 5                 5                     6          1                          6                          6                          6                    4          1                         4                         4                         4
AK F S            6          1                 6                 6                 6                     2          1                          2                          2                          2                    4          1                         4                         4                         4
AK F S            6          1                 6                 6                 6                     6          1                          6                          6                          6                    3          1                         3                         3                         3
AK F U            1          1                 1                 1                 1                     5          1                          5                          5                          5                    1          1                         1                         1                         1
AK F U            4          1                 4                 4                 4                     0          1                          0                          0                          0                    4          1                         4                         4                         4
AK F U            5          1                 5                 5                 5                     2          1                          2                          2                          2                    5          1                         5                         5                         5
AK F W            0          1                 0                 0                 0                     4          1                          4                          4                          4                    0          1                         0                         0                         0
AK F W            1          1                 1                 1                 1                     1          1                          1                          1                          1                    4          1                         4                         4                         4
AK F W            2          1                 2                 2                 2                     2          1                          2                          2                          2                    5          1                         5                         5                         5
AK F W            4          1                 4                 4                 4                     2          1                          2                          2                          2                    2          1                         2                         2                         2
AK M D            0          1                 0                 0                 0                     0          1                          0                          0                          0                    2          1                         2                         2                         2
AK M D            0          1                 0                 0                 0                     5          1                          5                          5                          5                    4          1                         4                         4                         4
AK M D            5          1                 5                 5                 5                     2          1                          2                          2                          2                    4          1                         4                         4                         4
AK M D            6          1                 6                 6                 6                     3          1                          3                          3                          3                    6          1                         6                         6                         6
AK M M            0          1                 0                 0                 0                     6          1                          6                          6                          6                    5          1                         5                         5                         5
AK M M            3          1                 3                 3                 3                     3          1                          3                          3                          3                    1          1                         1                         1                         1
AK M M            5          1                 5                 5                 5                     3          1                          3                          3                          3                    0          1                         0                         0                         0
AK M S            0          1                 0                 0                 0                     2          1                          2                          2                          2                    4          1                         4                         4                         4
AK M S            4          1                 4                 4                 4                     0          1                          0                          0                          0                    1          1                         1                         1                         1
AK M S            4          1                 4                 4                 4                     0          1                          0                          0                          0                    4          1                         4                         4                         4
AK M S            5          1                 5                 5                 5                     5          1                          5                          5                          5                    2          1                         2                         2                         2
AK M U            0          1                 0                 0                 0                     3          1                          3                          3                          3                    5          1                         5                         5                         5
AK M U            4          1                 4                 4                 4                     6          1                          6                          6                          6                    1          1                         1                         1                         1
AK M W            0          1                 0                 0                 0                     6          1                          6                          6                          6                    2          1                         2                         2                         2
AK M W            2          1                 2                 2                 2                     2          1                          2                          2                          2                    5          1                         5                         5                         5
AK M W            2          1                 2                 2                 2                     4          1                          4                          4                          4                    6          1                         6                         6                         6
AK M W            3          1                 3                 3                 3                     5          1                          5                          5                          5                    4          1                         4                         4                         4
AK M W            4          1                 4                 4                 4                     6          1                          6                          6                          6                    3          1                         3                         3                         3
AL F D            0          1                 0                 0                 0                     6          1                          6                          6                          6                    3          1                         3                         3                         3
AL F D            2          1                 2                 2                 2                     0          1                          0                          0                          0                    6          1                         6                         6                         6
AL F D            2          1                 2                 2                 2                     4          1                          4                          4                          4                    5          1                         5                         5                         5
AL F D            2          1                 2                 2                 2                     6          1                          6                          6                          6                    3          1                         3                         3                         3
AL F D            3          1                 3                 3                 3                     2          1                          2                          2                          2                    0          1                         0                         0                         0
AL F D            4          1                 4                 4                 4                     6          1                          6                          6                          6                    6          1                         6                         6                         6
AL F D            5          1                 5                 5                 5                     0          1                          0                          0                          0                    6          1                         6                         6                         6
AL F D            5          1                 5                 5                 5                     2          1                          2                          2                          2                    5          1                         5                         5                         5
AL F D            5          1                 5                 5                 5                     3          1                          3                          3                          3                    3          1                         3                         3                         3
AL F D            5          1                 5                 5                 5                     4          1                          4                          4                          4                    1          1                         1                         1                         1
AL F D            5          1                 5                 5                 5                     4          1                          4                          4                          4                    2          1                         2                         2                         2
AL F M            0          1                 0                 0                 0                     3          1                          3                          3                          3                    3          1                         3                         3                         3
AL F M            1          1                 1                 1                 1                     3          1                          3                          3                          3                    1          1                         1                         1                         1
AL F M            1          1                 1                 1                 1                     3          1                          3                          3                          3                    3          1                         3                         3                         3
AL F M            1          1                 1                 1                 1                     4          1                          4                          4                          4                    4          1                         4                         4                         4
AL F M            1          1                 1                 1                 1                     6          1                          6                          6                          6                    1          1                         1                         1                         1
AL F M            1          2                 1                 1                 1                     6          2                          6                          6                          6                    5          2                         5                         5                         5
AL F M            2          1                 2                 2                 2                     0          1                          0                          0                          0                    1          1                         1                         1                         1
AL F M            2          1                 2                 2                 2                     5          1                          5                          5                          5                    3          1                         3                         3                         3
AL F M            3          1                 3                 3                 3                     3          1                          3                          3                          3                    0          1                         0                         0                         0
AL F M            4          1                 4                 4                 4                     3          1                          3                          3                          3                    2          1                         2                         2                         2
AL F M            4          1                 4                 4                 4                     6          1                          6                          6                          6                    3          1                         3                         3                         3
AL F M            5          1                 5                 5                 5                     3          1                          3                          3                          3                    1          1                         1                         1                         1
AL F M            5          1                 5                 5                 5                     5          1                          5                          5                          5                    6          1                         6                         6                         6
AL F M            6          1                 6                 6                 6                     1          1                          1                          1                          1                    6          1                         6                         6                         6
AL F M            6          1                 6                 6                 6                     3          1                          3                          3                          3                    4          1                         4                         4                         4
AL F S            1          1                 1                 1                 1                     0          1                          0                          0                          0                    4          1                         4                         4                         4
AL F S            2          1                 2                 2                 2                     1          1                          1                          1                          1                    3          1                         3                         3                         3
AL F S            2          1                 2                 2                 2                     5          1                          5                          5                          5                    4          1                         4                         4                         4
AL F S            2          1                 2                 2                 2                     5          1                          5                          5                          5                    5          1                         5                         5                         5
AL F S            3          1                 3                 3                 3                     0          1                          0                          0                          0                    3          1                         3                         3                         3
AL F S            3          1                 3                 3                 3                     2          1                          2                          2                          2                    3          1                         3                         3                         3
AL F S            3          1                 3                 3                 3                     4          1                          4                          4                          4                    3          1                         3                         3                         3
AL F S            3          1                 3                 3                 3                     4          1                          4                          4                          4                    4          1                         4                         4                         4
AL F S            5          1                 5                 5                 5                     1          1                          1                          1                          1                    6          1                         6                         6                         6
AL F U            0          2                 0                 0                 0                     1          2                          1                          1                          1                    1          2                         1                         1                         1
AL F U            0          1                 0                 0                 0                     6          1                          6                          6                          6                    5          1                         5                         5                         5
AL F U            1          1                 1                 1                 1                     1          1                          1                          1                          1                    1          1                         1                         1                         1
AL F U            1          1                 1                 1                 1                     2          1                          2                          2                          2                    5          1                         5                         5                         5
AL F U            1          1                 1                 1                 1                     3          1                          3                          3                          3                    2          1                         2                         2                         2
AL F U            2          1                 2                 2                 2                     2          1                          2                          2                          2                    0          1                         0                         0                         0
AL F U            5          1                 5                 5                 5                     6          1                          6                          6                          6                    1          1                         1                         1                         1
AL F U            6          1                 6                 6                 6                     5          1                          5                          5                          5                    2          1                         2                         2                         2
AL F W            1          1                 1                 1                 1                     1          1                          1                          1                          1                    1          1                         1                         1                         1
AL F W            1          1                 1                 1                 1                     3          1                          3                          3                          3                    2          1                         2                         2                         2
AL F W            1          1                 1                 1                 1                     4          1                          4                          4                          4                    3          1                         3                         3                         3
AL F W            2          1                 2                 2                 2                     2          1                          2                          2                          2                    5          1                         5                         5                         5
AL F W            3          1                 3                 3                 3                     1          1                          1                          1                          1                    5          1                         5                         5                         5
AL F W            3          1                 3                 3                 3                     2          1                          2                          2                          2                    3          1                         3                         3                         3
AL F W            4          1                 4                 4                 4                     3          1                          3                          3                          3                    4          1                         4                         4                         4
AL F W            5          1                 5                 5                 5                     1          1                          1                          1                          1                    3          1                         3                         3                         3
AL F W            5          1                 5                 5                 5                     1          1                          1                          1                          1                    6          1                         6                         6                         6
AL F W            5          1                 5                 5                 5                     5          1                          5                          5                          5                    4          1                         4                         4                         4
AL F W            5          1                 5                 5                 5                     6          1                          6                          6                          6                    0          1                         0                         0                         0
AL M D            1          1                 1                 1                 1                     1          1                          1                          1                          1                    2          1                         2                         2                         2
AL M D            3          1                 3                 3                 3                     3          1                          3                          3                          3                    3          1                         3                         3                         3
AL M D            4          1                 4                 4                 4                     3          1                          3                          3                          3                    6          1                         6                         6                         6
AL M D            5          1                 5                 5                 5                     0          1                          0                          0                          0                    2          1                         2                         2                         2
AL M M            2          1                 2                 2                 2                     2          1                          2                          2                          2                    1          1                         1                         1                         1
AL M M            2          1                 2                 2                 2                     2          1                          2                          2                          2                    2          1                         2                         2                         2
AL M M            2          1                 2                 2                 2                     4          1                          4                          4                          4                    5          1                         5                         5                         5
AL M M            2          1                 2                 2                 2                     6          1                          6                          6                          6                    0          1                         0                         0                         0
