I_ITEM_ID        I_ITEM_DESC                                                                                                                                                                                              I_CURRENT_PRICE
---------------- -------------------------------------------------------------------------------------------------------------------------------------------------------------------------------------------------------- ---------------
AAAAAAAAHFMBAAAA Jobs crack at all public countries. Possible, traditional initiatives will make british problems. Fiscal years call extremely just growing pupils. Soon dutch voices                                               86.11



