CUSTOMER_ID      CUSTOMER_FIRST_NAME  CUSTOMER_LAST_NAME             CUSTOMER_PREFERRED_CUST_FLAG       
---------------- -------------------- ------------------------------ ---------------------------- 
AAAAAAAABIJBAAAA James                White                          N                                        
AAAAAAAADIIOAAAA David                Carroll                        Y                                        
AAAAAAAAIJCIBAAA Thomas               Oneal                          Y                                        
AAAAAAAAKJBLAAAA Kerry                Davis                          Y                                        
AAAAAAAAMFPFBAAA Jamie                Woods                          Y                                        
AAAAAAAANJAMAAAA Thaddeus             Griffin                        N                                        
AAAAAAAANJOLAAAA Debra                Underwood                      Y                                        
AAAAAAAAPEHEBAAA Edith                Molina                         Y                                        
