CHANNEL       ITEM RETURN_RATIO RETURN_RANK CURRENCY_RANK
------- ---------- ------------ ----------- -------------
catalog      17543   .571428571           1             1
catalog      14513   .635416667           2             2
catalog      12577   .655913978           3             3
catalog       3411    .71641791           4             4
catalog        361   .746478873           5             5
catalog       8189   .746987952           6             6
catalog       8929        .7625           7             7
catalog      14869    .77173913           8             8
catalog       9295   .778947368           9             9
catalog      16215   .790697674          10            10
store         9471         .775           1             1
store         9797           .8           2             2
store        12641   .816091954           3             3
store        15839   .816326531           4             4
store         1171   .824175824           5             5
store        11589   .826530612           6             6
store         6661   .922077922           7             7
store        13013   .942028986           8             8
store        14925   .964705882           9             9
store         4063            1          10            10
store         9029            1          10            10
web           7539          .59           1             1
web           3337   .626506024           2             2
web          15597   .661971831           3             3
web           2915   .698630137           4             4
web          11933   .717171717           5             5
web           3305        .7375           6            16
web            483           .8           7             6
web             85   .857142857           8             7
web             97   .903614458           9             8
web            117         .925          10             9
web           5299   .927083333          11            10

32 rows selected.



