S_STORE_NAME                                       S_COMPANY_ID S_STREET_N S_STREET_NAME                                                S_STREET_TYPE   S_SUITE_NU S_CITY                                                       S_COUNTY                       S_ S_ZIP         30 days 31-60 days 61-90 days 91-120 days  >120 days
-------------------------------------------------- ------------ ---------- ------------------------------------------------------------ --------------- ---------- ------------------------------------------------------------ ------------------------------ -- ---------- ---------- ---------- ---------- ----------- ----------
able                                                          1 255        Sycamore                                                     Dr.             Suite 410  Midway                                                       Williamson County              TN 31904              67         48         61          66         98
ation                                                         1 811        Lee                                                          Circle          Suite T    Midway                                                       Williamson County              TN 31904              70         51         50          61        109
bar                                                           1 175        4th                                                          Court           Suite C    Midway                                                       Williamson County              TN 31904              96         53         55          76         86
eing                                                          1 226        12th                                                         Lane            Suite D    Fairview                                                     Williamson County              TN 35709              69         63         62          63        114
ese                                                           1 27         Lake                                                         Ln              Suite 260  Midway                                                       Williamson County              TN 31904              58         57         55          54        106
ought                                                         1 767        Spring                                                       Wy              Suite 250  Midway                                                       Williamson County              TN 31904              81         63         52          58        103

6 rows selected.



