PRODUCT_NAME            STORE_NAME   STORE_ZIP   B_STREET_NUMBER   B_STREET_NAME   B_CITY            B_ZIP   C_STREET_NUMBER   C_STREET_NAME       C_CITY      C_ZIP    SYEAR   CNT        S11         S21         S31        S12        S22      S32   SYEAR   CNT  
----------------------- ------------ ----------- ----------------- --------------- ----------------- ------- ----------------- ------------------- ----------- -------- ------- ----- ---------- ----------- ----------- ---------- ---------- -------- ------- ----- 
n stableableantiought   able         31904       987               Hillcrest       Fairbanks         46653   216               3rd                 Reno        40344     1999     1   55.42000    80.91000   954.53000   59.08000   76.80000   .00000    2000     1  
n stableableantiought   ation        31904       425               Green           Enterprise        11757   772               Valley              [NULL]      [NULL]    1999     1   16.24000    25.17000      .00000    7.92000   11.80000   .00000    2000     1  
n stableableantiought   ation        31904       425               Green           Enterprise        11757   772               Valley              [NULL]      [NULL]    1999     1   16.24000    25.17000      .00000   44.27000   58.43000   .00000    2000     1  
n stableableantiought   ation        31904       316               Valley Tenth    Pine Grove        74593   806               Wilson Main         Jackson     59583     1999     1   49.63000    78.41000    14.22000    7.92000   11.80000   .00000    2000     1  
n stableableantiought   ation        31904       316               Valley Tenth    Pine Grove        74593   806               Wilson Main         Jackson     59583     1999     1   49.63000    78.41000    14.22000   44.27000   58.43000   .00000    2000     1  
n stableableantiought   ation        31904       173               Park Maple      Sulphur Springs   68354   232               Franklin            Fairfield   66192     1999     1   60.78000    85.09000      .00000    7.92000   11.80000   .00000    2000     1  
n stableableantiought   ation        31904       173               Park Maple      Sulphur Springs   68354   232               Franklin            Fairfield   66192     1999     1   60.78000    85.09000      .00000   44.27000   58.43000   .00000    2000     1  
n stableableantiought   eing         35709       928               First Oak       Summit            40499   178               Johnson Hillcrest   Oakdale     59584     1999     1   63.82000   121.25000      .00000   10.25000   12.09000   .00000    2000     1  
n stableableantiought   eing         35709       928               First Oak       Summit            40499   178               Johnson Hillcrest   Oakdale     59584     1999     1   63.82000   121.25000      .00000   30.28000   49.65000   .00000    2000     1  
n stableableantiought   eing         35709       928               First Oak       Summit            40499   178               Johnson Hillcrest   Oakdale     59584     1999     1   63.82000   121.25000      .00000   58.19000   85.53000   .00000    2000     1  
