I_CATEGORY                                         I_CLASS                                            I_BRAND                                            I_PRODUCT_NAME                                         D_YEAR      D_QOY      D_MOY S_STORE_ID         SUMSALES         RK
-------------------------------------------------- -------------------------------------------------- -------------------------------------------------- -------------------------------------------------- ---------- ---------- ---------- ---------------- ---------- ----------
Books                                              arts                                               amalgmaxi #12                                      %                                                  %          %          %          %                 1577322.2         26
Books                                              arts                                               amalgmaxi #2                                       %                                                  %          %          %          %                 757558.15         93
Books                                              arts                                               amalgmaxi #3                                       %                                                  %          %          %          %                 889848.65         79
Books                                              arts                                               amalgmaxi #9                                       %                                                  %          %          %          %                 816219.08         89
Books                                              arts                                               %                                                  %                                                  %          %          %          %                5188162.15         17
Books                                              business                                           importomaxi #12                                    %                                                  %          %          %          %                1288307.29         42
Books                                              business                                           importomaxi #2                                     %                                                  %          %          %          %                 985887.08         68
Books                                              business                                           importomaxi #8                                     %                                                  %          %          %          %                1067725.65         61
Books                                              business                                           importomaxi #9                                     %                                                  %          %          %          %                1269598.91         45
Books                                              business                                           %                                                  %                                                  %          %          %          %                5905977.34         10
Books                                              computers                                          exportimaxi #12                                    %                                                  %          %          %          %                1456918.73         28
Books                                              computers                                          exportimaxi #2                                     %                                                  %          %          %          %                1626664.04         24
Books                                              computers                                          exportimaxi #3                                     %                                                  %          %          %          %                 875667.64         82
Books                                              computers                                          exportimaxi #6                                     %                                                  %          %          %          %                 847659.03         86
Books                                              computers                                          exportimaxi #8                                     %                                                  %          %          %          %                1189646.65         49
Books                                              computers                                          exportimaxi #9                                     %                                                  %          %          %          %                1059845.98         63
Books                                              computers                                          %                                                  %                                                  %          %          %          %                7061536.03          7
Books                                              cooking                                            amalgunivamalg #12                                 %                                                  %          %          %          %                   1097730         58
Books                                              cooking                                            amalgunivamalg #3                                  %                                                  %          %          %          %                 978431.47         69
Books                                              cooking                                            amalgunivamalg #6                                  %                                                  %          %          %          %                 858562.34         84
Books                                              cooking                                            amalgunivamalg #8                                  %                                                  %          %          %          %                    917692         74
Books                                              cooking                                            amalgunivamalg #9                                  %                                                  %          %          %          %                  881045.3         80
Books                                              cooking                                            %                                                  %                                                  %          %          %          %                5357549.49         16
Books                                              entertainments                                     edu packmaxi #12                                   %                                                  %          %          %          %                 962267.01         70
Books                                              entertainments                                     edu packmaxi #2                                    %                                                  %          %          %          %                 750249.81         94
Books                                              entertainments                                     edu packmaxi #3                                    %                                                  %          %          %          %                1325140.63         39
Books                                              entertainments                                     edu packmaxi #6                                    %                                                  %          %          %          %                 874454.87         83
Books                                              entertainments                                     edu packmaxi #8                                    %                                                  %          %          %          %                 894416.62         78
Books                                              entertainments                                     %                                                  %                                                  %          %          %          %                5465761.48         14
Books                                              fiction                                            scholarunivamalg #12                               %                                                  %          %          %          %                 957012.63         71
Books                                              fiction                                            scholarunivamalg #2                                %                                                  %          %          %          %                1798976.95         20
Books                                              fiction                                            scholarunivamalg #3                                %                                                  %          %          %          %                1288272.89         43
Books                                              fiction                                            scholarunivamalg #6                                %                                                  %          %          %          %                1031571.39         65
Books                                              fiction                                            scholarunivamalg #8                                %                                                  %          %          %          %                1444468.85         30
Books                                              fiction                                            scholarunivamalg #9                                %                                                  %          %          %          %                1333004.22         38
Books                                              fiction                                            %                                                  %                                                  %          %          %          %                7867516.44          3
Books                                              history                                            scholarmaxi #12                                    %                                                  %          %          %          %                1407800.96         34
Books                                              history                                            scholarmaxi #2                                     %                                                  %          %          %          %                1601550.87         25
Books                                              history                                            scholarmaxi #3                                     %                                                  %          %          %          %                 1181491.2         50
Books                                              history                                            scholarmaxi #6                                     %                                                  %          %          %          %                1175904.65         51
Books                                              history                                            scholarmaxi #8                                     %                                                  %          %          %          %                1205167.13         48
Books                                              history                                            scholarmaxi #9                                     %                                                  %          %          %          %                1873407.99         18
Books                                              history                                            %                                                  %                                                  %          %          %          %                8458815.11          2
Books                                              home repair                                        importounivamalg #12                               %                                                  %          %          %          %                 929871.46         72
Books                                              home repair                                        importounivamalg #2                                %                                                  %          %          %          %                1672201.56         22
Books                                              home repair                                        importounivamalg #3                                %                                                  %          %          %          %                1321000.94         40
Books                                              home repair                                        importounivamalg #6                                %                                                  %          %          %          %                 717528.04         96
Books                                              home repair                                        importounivamalg #8                                %                                                  %          %          %          %                1669033.95         23
Books                                              home repair                                        importounivamalg #9                                %                                                  %          %          %          %                1066519.11         62
Books                                              home repair                                        %                                                  %                                                  %          %          %          %                7388154.74          4
Books                                              mystery                                            corpunivamalg #12                                  %                                                  %          %          %          %                1146116.05         54
Books                                              mystery                                            corpunivamalg #2                                   %                                                  %          %          %          %                 747999.99         95
Books                                              mystery                                            corpunivamalg #3                                   %                                                  %          %          %          %                1145257.96         55
Books                                              mystery                                            corpunivamalg #6                                   %                                                  %          %          %          %                1098189.71         57
Books                                              mystery                                            corpunivamalg #8                                   %                                                  %          %          %          %                 759890.03         92
Books                                              mystery                                            %                                                  %                                                  %          %          %          %                5559086.76         13
Books                                              parenting                                          corpmaxi #12                                       %                                                  %          %          %          %                 1022503.6         66
Books                                              parenting                                          corpmaxi #2                                        %                                                  %          %          %          %                 908607.31         76
Books                                              parenting                                          corpmaxi #6                                        %                                                  %          %          %          %                1717275.15         21
Books                                              parenting                                          corpmaxi #9                                        %                                                  %          %          %          %                 895829.36         77
Books                                              parenting                                          %                                                  %                                                  %          %          %          %                5905648.45         11
Books                                              reference                                          brandmaxi #12                                      %                                                  %          %          %          %                 1418372.8         33
Books                                              reference                                          brandmaxi #2                                       %                                                  %          %          %          %                1154379.77         53
Books                                              reference                                          brandmaxi #3                                       %                                                  %          %          %          %                1168210.15         52
Books                                              reference                                          brandmaxi #6                                       %                                                  %          %          %          %                1349780.84         37
Books                                              reference                                          brandmaxi #8                                       %                                                  %          %          %          %                1429502.89         31
Books                                              reference                                          brandmaxi #9                                       %                                                  %          %          %          %                 714094.43         97
Books                                              reference                                          %                                                  %                                                  %          %          %          %                7245435.64          6
Books                                              romance                                            namelessmaxi #12                                   %                                                  %          %          %          %                1356568.45         36
Books                                              romance                                            namelessmaxi #2                                    %                                                  %          %          %          %                1236630.16         47
Books                                              romance                                            namelessmaxi #3                                    %                                                  %          %          %          %                 1866764.2         19
Books                                              romance                                            namelessmaxi #6                                    %                                                  %          %          %          %                1086707.92         59
Books                                              romance                                            namelessmaxi #8                                    %                                                  %          %          %          %                  825762.4         88
Books                                              romance                                            namelessmaxi #9                                    %                                                  %          %          %          %                 876869.83         81
Books                                              romance                                            %                                                  %                                                  %          %          %          %                7252274.41          5
Books                                              science                                            maximaxi #2                                        %                                                  %          %          %          %                  702171.3         98
Books                                              science                                            maximaxi #3                                        %                                                  %          %          %          %                 777021.93         90
Books                                              science                                            maximaxi #6                                        %                                                  %          %          %          %                1446589.43         29
Books                                              science                                            maximaxi #8                                        %                                                  %          %          %          %                1004042.04         67
Books                                              science                                            maximaxi #9                                        %                                                  %          %          %          %                  849422.2         85
Books                                              science                                            %                                                  %                                                  %          %          %          %                5359276.19         15
Books                                              self-help                                          exportiunivamalg #2                                %                                                  %          %          %          %                1283148.53         44
Books                                              self-help                                          exportiunivamalg #3                                %                                                  %          %          %          %                 770181.59         91
Books                                              self-help                                          exportiunivamalg #6                                %                                                  %          %          %          %                1391623.86         35
Books                                              self-help                                          exportiunivamalg #8                                %                                                  %          %          %          %                 695644.62        100
Books                                              self-help                                          exportiunivamalg #9                                %                                                  %          %          %          %                1427999.91         32
Books                                              self-help                                          %                                                  %                                                  %          %          %          %                6261649.72          8
Books                                              sports                                             edu packunivamalg #12                              %                                                  %          %          %          %                 928301.94         73
Books                                              sports                                             edu packunivamalg #6                               %                                                  %          %          %          %                1503681.79         27
Books                                              sports                                             edu packunivamalg #8                               %                                                  %          %          %          %                1263974.84         46
Books                                              sports                                             edu packunivamalg #9                               %                                                  %          %          %          %                 840684.29         87
Books                                              sports                                             %                                                  %                                                  %          %          %          %                5610649.06         12
Books                                              travel                                             univunivamalg #12                                  %                                                  %          %          %          %                1135250.45         56
Books                                              travel                                             univunivamalg #2                                   %                                                  %          %          %          %                1053533.86         64
Books                                              travel                                             univunivamalg #3                                   %                                                  %          %          %          %                1085484.15         60
Books                                              travel                                             univunivamalg #6                                   %                                                  %          %          %          %                 696575.97         99
Books                                              travel                                             univunivamalg #8                                   %                                                  %          %          %          %                 1310411.8         41
Books                                              travel                                             univunivamalg #9                                   %                                                  %          %          %          %                 917487.24         75
Books                                              travel                                             %                                                  %                                                  %          %          %          %                6200882.35          9
Books                                              %                                                  %                                                  %                                                  %          %          %          %                 102246972          1

100 rows selected.



