 TOTAL_SUM S_ S_COUNTY                       LOCHIERARCHY RANK_WITHIN_PARENT
---------- -- ------------------------------ ------------ ------------------
-440986113 %  %                                         2                  1
-440986113 TN %                                         1                  1
-440986113 TN Williamson County                         0                  1



