C_LAST_NAME                    C_FIRST_NAME         C_SALUTATION C_PREFERRED_CUST_FLAG SS_TICKET_NUMBER CNT
------------------------------ -------------------- ------------ --------------------- ---------------- -----------
Greene                         Clarence             -            N                                 1541           5
Peterson                       Chantell             Miss         N                                47551           5
Scott                          Anne                 Dr.          N                                86396           5
Wheeler                        Ashley               Mrs.         N                               174863           5
Dion                           Alva                 Mrs.         N                               113766           4
