S_STORE_NAME                                       SUM(SS_NET_PROFIT)
-------------------------------------------------- ------------------
able                                                       -9767751.9
ation                                                       -10546550
bar                                                         -10133672
ese                                                         -10335181
ought                                                       -10737660



