SUBSTR(R_REASON_DESC AVG(WS_QUANTITY) AVG(WR_REFUNDED_CASH) AVG(WR_FEE)
-------------------- ---------------- --------------------- -----------
Gift exchange                      76                464.36        8.62
Not the product that               70                876.67       46.67
Parts missing                       7                129.42       38.65
reason 23                          47                734.61        6.17
reason 25                           5                 48.94      53.145
reason 28                           8                 306.2       37.06

6 rows selected.



