H8_30_TO_9 H9_TO_9_30 H9_30_TO_10 H10_TO_10_30 H10_30_TO_11 H11_TO_11_30 H11_30_TO_12 H12_TO_12_30
---------- ---------- ----------- ------------ ------------ ------------ ------------ ------------
      2334       4726        4564         7538         7115         3960         4129         4533



