I_CATEGORY                                         I_CLASS                                            I_BRAND                                            S_STORE_NAME                                       S_COMPANY_NAME                                          D_MOY  SUM_SALES AVG_MONTHLY_SALES
-------------------------------------------------- -------------------------------------------------- -------------------------------------------------- -------------------------------------------------- -------------------------------------------------- ---------- ---------- -----------------
Men                                                shirts                                             importoimporto #1                                  ese                                                Unknown                                                     3    2070.65         5492.8175
Men                                                shirts                                             importoimporto #1                                  ought                                              Unknown                                                     6    2152.15        5045.75833
Men                                                shirts                                             importoimporto #1                                  able                                               Unknown                                                     2    2333.43        5194.81833
Men                                                shirts                                             importoimporto #1                                  ese                                                Unknown                                                     6    2691.33         5492.8175
Men                                                shirts                                             importoimporto #1                                  ought                                              Unknown                                                     2     2253.7        5045.75833
Women                                              dresses                                            amalgamalg #1                                      able                                               Unknown                                                     6    1761.81           4507.24
Men                                                shirts                                             importoimporto #1                                  ation                                              Unknown                                                     3    2672.68        5410.91667
Men                                                shirts                                             importoimporto #1                                  ation                                              Unknown                                                     5    2677.81        5410.91667
Men                                                shirts                                             importoimporto #1                                  eing                                               Unknown                                                     5    2356.88        5074.07667
Men                                                shirts                                             importoimporto #1                                  ese                                                Unknown                                                     4    2784.11         5492.8175
Women                                              dresses                                            amalgamalg #1                                      ought                                              Unknown                                                     7    1926.67         4619.7075
Women                                              dresses                                            amalgamalg #1                                      ought                                              Unknown                                                     1    2065.94         4619.7075
Men                                                shirts                                             importoimporto #1                                  ation                                              Unknown                                                     6    2881.34        5410.91667
Men                                                shirts                                             importoimporto #1                                  able                                               Unknown                                                     3    2674.91        5194.81833
Women                                              dresses                                            amalgamalg #1                                      ation                                              Unknown                                                     2    2192.31           4690.89
Men                                                shirts                                             importoimporto #1                                  bar                                                Unknown                                                     5     2475.9        4973.50917
Women                                              dresses                                            amalgamalg #1                                      ese                                                Unknown                                                     2    2146.52        4642.99083
Men                                                shirts                                             importoimporto #1                                  eing                                               Unknown                                                     2    2588.02        5074.07667
Women                                              dresses                                            amalgamalg #1                                      bar                                                Unknown                                                     7    2428.75        4914.11833
Women                                              dresses                                            amalgamalg #1                                      bar                                                Unknown                                                     3    2451.51        4914.11833
Men                                                shirts                                             importoimporto #1                                  ation                                              Unknown                                                     7    2951.67        5410.91667
Men                                                shirts                                             importoimporto #1                                  able                                               Unknown                                                     1    2765.75        5194.81833
Women                                              dresses                                            amalgamalg #1                                      able                                               Unknown                                                     2    2082.54           4507.24
Men                                                shirts                                             importoimporto #1                                  ation                                              Unknown                                                     4    2988.08        5410.91667
Men                                                shirts                                             importoimporto #1                                  ought                                              Unknown                                                     7    2667.92        5045.75833
Women                                              dresses                                            amalgamalg #1                                      bar                                                Unknown                                                     4    2549.27        4914.11833
Women                                              dresses                                            amalgamalg #1                                      ese                                                Unknown                                                     7       2307        4642.99083
Women                                              dresses                                            amalgamalg #1                                      eing                                               Unknown                                                     4    2204.15         4528.8225
Men                                                shirts                                             importoimporto #1                                  able                                               Unknown                                                     7    2880.34        5194.81833
Men                                                shirts                                             importoimporto #1                                  ese                                                Unknown                                                     5    3210.74         5492.8175
Women                                              dresses                                            amalgamalg #1                                      ation                                              Unknown                                                     4    2418.39           4690.89
Men                                                shirts                                             importoimporto #1                                  eing                                               Unknown                                                     4     2833.4        5074.07667
Women                                              dresses                                            amalgamalg #1                                      bar                                                Unknown                                                     2    2692.79        4914.11833
Men                                                shirts                                             importoimporto #1                                  eing                                               Unknown                                                     6    2854.62        5074.07667
Women                                              dresses                                            amalgamalg #1                                      eing                                               Unknown                                                     6    2314.71         4528.8225
Men                                                shirts                                             importoimporto #1                                  ought                                              Unknown                                                     5    2834.94        5045.75833
Women                                              dresses                                            amalgamalg #1                                      ation                                              Unknown                                                     5    2480.25           4690.89
Women                                              dresses                                            amalgamalg #1                                      able                                               Unknown                                                     7    2302.21           4507.24
Women                                              dresses                                            amalgamalg #1                                      ation                                              Unknown                                                     6    2501.15           4690.89
Men                                                shirts                                             importoimporto #1                                  ese                                                Unknown                                                     2    3307.78         5492.8175
Men                                                shirts                                             importoimporto #1                                  able                                               Unknown                                                     5    3016.43        5194.81833
Men                                                shirts                                             importoimporto #1                                  able                                               Unknown                                                     4    3040.23        5194.81833
Women                                              dresses                                            amalgamalg #1                                      eing                                               Unknown                                                     5    2420.31         4528.8225
Women                                              dresses                                            amalgamalg #1                                      ese                                                Unknown                                                     5     2535.8        4642.99083
Women                                              dresses                                            amalgamalg #1                                      ought                                              Unknown                                                     2     2521.7         4619.7075
Men                                                shirts                                             importoimporto #1                                  bar                                                Unknown                                                     3    2877.96        4973.50917
Women                                              dresses                                            amalgamalg #1                                      ese                                                Unknown                                                     3    2577.15        4642.99083
Women                                              dresses                                            amalgamalg #1                                      ation                                              Unknown                                                     7    2637.27           4690.89
Men                                                shirts                                             importoimporto #1                                  ation                                              Unknown                                                     1    3380.16        5410.91667
Women                                              dresses                                            amalgamalg #1                                      eing                                               Unknown                                                     7    2524.32         4528.8225
Men                                                shirts                                             importoimporto #1                                  bar                                                Unknown                                                     4     2986.7        4973.50917
Women                                              dresses                                            amalgamalg #1                                      ought                                              Unknown                                                     4     2648.8         4619.7075
Men                                                shirts                                             importoimporto #1                                  bar                                                Unknown                                                     7    3026.41        4973.50917
Women                                              dresses                                            amalgamalg #1                                      ation                                              Unknown                                                     3    2751.11           4690.89
Men                                                shirts                                             importoimporto #1                                  bar                                                Unknown                                                     2    3073.45        4973.50917
Men                                                shirts                                             importoimporto #1                                  eing                                               Unknown                                                     3    3179.96        5074.07667
Women                                              dresses                                            amalgamalg #1                                      ation                                              Unknown                                                     1    2797.07           4690.89
Women                                              dresses                                            amalgamalg #1                                      able                                               Unknown                                                     1    2621.05           4507.24
Women                                              dresses                                            amalgamalg #1                                      ese                                                Unknown                                                     4    2808.36        4642.99083
Women                                              dresses                                            amalgamalg #2                                      bar                                                Unknown                                                     6     680.47        2506.96333
Men                                                shirts                                             importoimporto #1                                  ation                                              Unknown                                                     2    3591.65        5410.91667
Women                                              dresses                                            amalgamalg #1                                      able                                               Unknown                                                     3    2706.15           4507.24
Women                                              dresses                                            amalgamalg #2                                      eing                                               Unknown                                                     2     773.08        2569.34667
Men                                                shirts                                             importoimporto #1                                  bar                                                Unknown                                                     6    3199.08        4973.50917
Men                                                shirts                                             importoimporto #1                                  ese                                                Unknown                                                     7    3754.33         5492.8175
Women                                              dresses                                            amalgamalg #1                                      bar                                                Unknown                                                     5    3190.77        4914.11833
Women                                              dresses                                            amalgamalg #1                                      eing                                               Unknown                                                     2    2841.88         4528.8225
Men                                                shirts                                             importoimporto #1                                  able                                               Unknown                                                     6    3538.25        5194.81833
Women                                              dresses                                            amalgamalg #1                                      ese                                                Unknown                                                     6    3006.94        4642.99083
Women                                              dresses                                            amalgamalg #1                                      bar                                                Unknown                                                     1    3284.93        4914.11833
Women                                              dresses                                            amalgamalg #2                                      bar                                                Unknown                                                     5     878.42        2506.96333
Women                                              dresses                                            amalgamalg #1                                      able                                               Unknown                                                     5    2891.95           4507.24
Men                                                shirts                                             importoimporto #1                                  eing                                               Unknown                                                     7    3465.77        5074.07667
Women                                              dresses                                            amalgamalg #2                                      eing                                               Unknown                                                     3     964.29        2569.34667
Women                                              dresses                                            amalgamalg #1                                      bar                                                Unknown                                                     6    3324.49        4914.11833
Men                                                shirts                                             importoimporto #1                                  ought                                              Unknown                                                     3    3467.09        5045.75833
Women                                              dresses                                            amalgamalg #1                                      ought                                              Unknown                                                     5    3049.25         4619.7075
Women                                              dresses                                            amalgamalg #1                                      eing                                               Unknown                                                     3    2978.07         4528.8225
Men                                                shirts                                             importoimporto #1                                  ought                                              Unknown                                                     4    3544.97        5045.75833
Men                                                shirts                                             importoimporto #1                                  bar                                                Unknown                                                     1    3490.62        4973.50917
Men                                                shirts                                             importoimporto #2                                  able                                               Unknown                                                     2     628.63        2095.47083
Men                                                shirts                                             importoimporto #1                                  eing                                               Unknown                                                     1    3628.21        5074.07667
Women                                              dresses                                            amalgamalg #1                                      able                                               Unknown                                                     4    3082.17           4507.24
Men                                                shirts                                             importoimporto #2                                  eing                                               Unknown                                                     5     765.86        2137.65667
Women                                              dresses                                            amalgamalg #2                                      ation                                              Unknown                                                     4     1064.7        2431.22667
Women                                              dresses                                            amalgamalg #2                                      ought                                              Unknown                                                     3     991.89        2355.44167
Women                                              dresses                                            amalgamalg #2                                      eing                                               Unknown                                                     5    1211.13        2569.34667
Women                                              dresses                                            amalgamalg #2                                      ation                                              Unknown                                                     7    1078.41        2431.22667
Men                                                shirts                                             importoimporto #2                                  ation                                              Unknown                                                     4     807.67           2141.06
Women                                              dresses                                            amalgamalg #2                                      ation                                              Unknown                                                     2    1102.89        2431.22667
Women                                              dresses                                            amalgamalg #2                                      eing                                               Unknown                                                     6    1247.86        2569.34667
Women                                              dresses                                            amalgamalg #2                                      able                                               Unknown                                                     4    1020.39        2337.27833
Men                                                shirts                                             importoimporto #2                                  able                                               Unknown                                                     7     780.91        2095.47083
Women                                              dresses                                            amalgamalg #2                                      ese                                                Unknown                                                     2     904.34        2200.82083
Women                                              dresses                                            amalgamalg #2                                      ought                                              Unknown                                                     7    1061.87        2355.44167
Women                                              dresses                                            amalgamalg #2                                      able                                               Unknown                                                     3    1054.94        2337.27833
Men                                                shirts                                             importoimporto #2                                  ought                                              Unknown                                                     6     633.96        1908.05667
Men                                                shirts                                             importoimporto #2                                  ese                                                Unknown                                                     6     853.37        2113.57333
Women                                              dresses                                            amalgamalg #2                                      able                                               Unknown                                                     5    1084.94        2337.27833
Women                                              dresses                                            amalgamalg #2                                      eing                                               Unknown                                                     4    1317.08        2569.34667

100 rows selected.



