CALL_CENTER      CALL_CENTER_NAME                                   MANAGER                                  RETURNS_LOSS
---------------- -------------------------------------------------- ---------------------------------------- ------------
AAAAAAAACAAAAAAA Mid Atlantic                                       Felipe Perkins                                 109.74



