[2024-03-21T16:15:01.304-0500][gc,init] CardTable entry size: 512
[2024-03-21T16:15:01.304-0500][gc     ] Using G1
[2024-03-21T16:15:01.305-0500][gc,init] Version: 21.0.2+13-58 (release)
[2024-03-21T16:15:01.305-0500][gc,init] CPUs: 8 total, 8 available
[2024-03-21T16:15:01.305-0500][gc,init] Memory: 16384M
[2024-03-21T16:15:01.305-0500][gc,init] Large Page Support: Disabled
[2024-03-21T16:15:01.305-0500][gc,init] NUMA Support: Disabled
[2024-03-21T16:15:01.305-0500][gc,init] Compressed Oops: Enabled (Zero based)
[2024-03-21T16:15:01.305-0500][gc,init] Heap Region Size: 1M
[2024-03-21T16:15:01.305-0500][gc,init] Heap Min Capacity: 1G
[2024-03-21T16:15:01.305-0500][gc,init] Heap Initial Capacity: 1G
[2024-03-21T16:15:01.305-0500][gc,init] Heap Max Capacity: 1G
[2024-03-21T16:15:01.305-0500][gc,init] Pre-touch: Disabled
[2024-03-21T16:15:01.305-0500][gc,init] Parallel Workers: 8
[2024-03-21T16:15:01.305-0500][gc,init] Concurrent Workers: 2
[2024-03-21T16:15:01.305-0500][gc,init] Concurrent Refinement Workers: 8
[2024-03-21T16:15:01.305-0500][gc,init] Periodic GC: Disabled
[2024-03-21T16:15:01.308-0500][gc,metaspace] CDS archive(s) mapped at: [0x000000a000000000-0x000000a000ca4000-0x000000a000ca4000), size 13254656, SharedBaseAddress: 0x000000a000000000, ArchiveRelocationMode: 1.
[2024-03-21T16:15:01.309-0500][gc,metaspace] Compressed class space mapped at: 0x000000a001000000-0x000000a041000000, reserved size: 1073741824
[2024-03-21T16:15:01.309-0500][gc,metaspace] Narrow klass base: 0x000000a000000000, Narrow klass shift: 0, Narrow klass range: 0x100000000
[2024-03-21T16:15:01.863-0500][gc,start    ] GC(0) Pause Young (Normal) (G1 Evacuation Pause)
[2024-03-21T16:15:01.863-0500][gc,task     ] GC(0) Using 8 workers of 8 for evacuation
[2024-03-21T16:15:01.866-0500][gc,phases   ] GC(0)   Pre Evacuate Collection Set: 0.2ms
[2024-03-21T16:15:01.866-0500][gc,phases   ] GC(0)   Merge Heap Roots: 0.0ms
[2024-03-21T16:15:01.866-0500][gc,phases   ] GC(0)   Evacuate Collection Set: 2.2ms
[2024-03-21T16:15:01.866-0500][gc,phases   ] GC(0)   Post Evacuate Collection Set: 0.4ms
[2024-03-21T16:15:01.866-0500][gc,phases   ] GC(0)   Other: 0.2ms
[2024-03-21T16:15:01.866-0500][gc,heap     ] GC(0) Eden regions: 51->0(44)
[2024-03-21T16:15:01.866-0500][gc,heap     ] GC(0) Survivor regions: 0->7(7)
[2024-03-21T16:15:01.866-0500][gc,heap     ] GC(0) Old regions: 2->4
[2024-03-21T16:15:01.866-0500][gc,heap     ] GC(0) Humongous regions: 0->0
[2024-03-21T16:15:01.866-0500][gc,metaspace] GC(0) Metaspace: 17910K(18112K)->17910K(18112K) NonClass: 15850K(15936K)->15850K(15936K) Class: 2059K(2176K)->2059K(2176K)
[2024-03-21T16:15:01.866-0500][gc          ] GC(0) Pause Young (Normal) (G1 Evacuation Pause) 52M->9M(1024M) 3.208ms
[2024-03-21T16:15:01.866-0500][gc,cpu      ] GC(0) User=0.02s Sys=0.00s Real=0.00s
[2024-03-21T16:15:02.023-0500][gc,heap,exit] Heap
[2024-03-21T16:15:02.023-0500][gc,heap,exit]  garbage-first heap   total 1048576K, used 18493K [0x00000007c0000000, 0x0000000800000000)
[2024-03-21T16:15:02.023-0500][gc,heap,exit]   region size 1024K, 16 young (16384K), 7 survivors (7168K)
[2024-03-21T16:15:02.023-0500][gc,heap,exit]  Metaspace       used 20271K, committed 20480K, reserved 1114112K
[2024-03-21T16:15:02.023-0500][gc,heap,exit]   class space    used 2352K, committed 2432K, reserved 1048576K
