[2024-03-21T16:17:45.875-0500][gc,init] CardTable entry size: 512
[2024-03-21T16:17:45.875-0500][gc     ] Using G1
[2024-03-21T16:17:45.876-0500][gc,init] Version: 21.0.2+13-58 (release)
[2024-03-21T16:17:45.876-0500][gc,init] CPUs: 8 total, 8 available
[2024-03-21T16:17:45.876-0500][gc,init] Memory: 16384M
[2024-03-21T16:17:45.876-0500][gc,init] Large Page Support: Disabled
[2024-03-21T16:17:45.876-0500][gc,init] NUMA Support: Disabled
[2024-03-21T16:17:45.876-0500][gc,init] Compressed Oops: Enabled (Zero based)
[2024-03-21T16:17:45.876-0500][gc,init] Heap Region Size: 1M
[2024-03-21T16:17:45.876-0500][gc,init] Heap Min Capacity: 1G
[2024-03-21T16:17:45.876-0500][gc,init] Heap Initial Capacity: 1G
[2024-03-21T16:17:45.876-0500][gc,init] Heap Max Capacity: 1G
[2024-03-21T16:17:45.876-0500][gc,init] Pre-touch: Disabled
[2024-03-21T16:17:45.876-0500][gc,init] Parallel Workers: 8
[2024-03-21T16:17:45.876-0500][gc,init] Concurrent Workers: 2
[2024-03-21T16:17:45.876-0500][gc,init] Concurrent Refinement Workers: 8
[2024-03-21T16:17:45.876-0500][gc,init] Periodic GC: Disabled
[2024-03-21T16:17:45.880-0500][gc,metaspace] CDS archive(s) mapped at: [0x0000007000000000-0x0000007000ca4000-0x0000007000ca4000), size 13254656, SharedBaseAddress: 0x0000007000000000, ArchiveRelocationMode: 1.
[2024-03-21T16:17:45.880-0500][gc,metaspace] Compressed class space mapped at: 0x0000007001000000-0x0000007041000000, reserved size: 1073741824
[2024-03-21T16:17:45.880-0500][gc,metaspace] Narrow klass base: 0x0000007000000000, Narrow klass shift: 0, Narrow klass range: 0x100000000
[2024-03-21T16:17:46.533-0500][gc,start    ] GC(0) Pause Young (Normal) (G1 Evacuation Pause)
[2024-03-21T16:17:46.534-0500][gc,task     ] GC(0) Using 8 workers of 8 for evacuation
[2024-03-21T16:17:46.536-0500][gc,phases   ] GC(0)   Pre Evacuate Collection Set: 0.2ms
[2024-03-21T16:17:46.536-0500][gc,phases   ] GC(0)   Merge Heap Roots: 0.0ms
[2024-03-21T16:17:46.536-0500][gc,phases   ] GC(0)   Evacuate Collection Set: 2.3ms
[2024-03-21T16:17:46.536-0500][gc,phases   ] GC(0)   Post Evacuate Collection Set: 0.3ms
[2024-03-21T16:17:46.536-0500][gc,phases   ] GC(0)   Other: 0.2ms
[2024-03-21T16:17:46.536-0500][gc,heap     ] GC(0) Eden regions: 51->0(44)
[2024-03-21T16:17:46.536-0500][gc,heap     ] GC(0) Survivor regions: 0->7(7)
[2024-03-21T16:17:46.536-0500][gc,heap     ] GC(0) Old regions: 2->4
[2024-03-21T16:17:46.536-0500][gc,heap     ] GC(0) Humongous regions: 0->0
[2024-03-21T16:17:46.536-0500][gc,metaspace] GC(0) Metaspace: 18185K(18432K)->18185K(18432K) NonClass: 16098K(16256K)->16098K(16256K) Class: 2087K(2176K)->2087K(2176K)
[2024-03-21T16:17:46.536-0500][gc          ] GC(0) Pause Young (Normal) (G1 Evacuation Pause) 52M->9M(1024M) 3.153ms
[2024-03-21T16:17:46.537-0500][gc,cpu      ] GC(0) User=0.01s Sys=0.00s Real=0.00s
[2024-03-21T16:17:46.648-0500][gc,start    ] GC(1) Pause Young (Concurrent Start) (Metadata GC Threshold)
[2024-03-21T16:17:46.648-0500][gc,task     ] GC(1) Using 8 workers of 8 for evacuation
[2024-03-21T16:17:46.650-0500][gc,phases   ] GC(1)   Pre Evacuate Collection Set: 0.1ms
[2024-03-21T16:17:46.650-0500][gc,phases   ] GC(1)   Merge Heap Roots: 0.0ms
[2024-03-21T16:17:46.650-0500][gc,phases   ] GC(1)   Evacuate Collection Set: 1.8ms
[2024-03-21T16:17:46.650-0500][gc,phases   ] GC(1)   Post Evacuate Collection Set: 0.2ms
[2024-03-21T16:17:46.650-0500][gc,phases   ] GC(1)   Other: 0.0ms
[2024-03-21T16:17:46.650-0500][gc,heap     ] GC(1) Eden regions: 13->0(49)
[2024-03-21T16:17:46.650-0500][gc,heap     ] GC(1) Survivor regions: 7->2(7)
[2024-03-21T16:17:46.650-0500][gc,heap     ] GC(1) Old regions: 4->11
[2024-03-21T16:17:46.650-0500][gc,heap     ] GC(1) Humongous regions: 0->0
[2024-03-21T16:17:46.650-0500][gc,metaspace] GC(1) Metaspace: 21361K(21504K)->21361K(21504K) NonClass: 18857K(18944K)->18857K(18944K) Class: 2504K(2560K)->2504K(2560K)
[2024-03-21T16:17:46.650-0500][gc          ] GC(1) Pause Young (Concurrent Start) (Metadata GC Threshold) 21M->10M(1024M) 2.290ms
[2024-03-21T16:17:46.650-0500][gc,cpu      ] GC(1) User=0.01s Sys=0.00s Real=0.01s
[2024-03-21T16:17:46.650-0500][gc          ] GC(2) Concurrent Mark Cycle
[2024-03-21T16:17:46.650-0500][gc,marking  ] GC(2) Concurrent Scan Root Regions
[2024-03-21T16:17:46.651-0500][gc,marking  ] GC(2) Concurrent Scan Root Regions 1.208ms
[2024-03-21T16:17:46.651-0500][gc,marking  ] GC(2) Concurrent Mark
[2024-03-21T16:17:46.651-0500][gc,marking  ] GC(2) Concurrent Mark From Roots
[2024-03-21T16:17:46.651-0500][gc,task     ] GC(2) Using 2 workers of 2 for marking
[2024-03-21T16:17:46.652-0500][gc,marking  ] GC(2) Concurrent Mark From Roots 0.848ms
[2024-03-21T16:17:46.652-0500][gc,marking  ] GC(2) Concurrent Preclean
[2024-03-21T16:17:46.652-0500][gc,marking  ] GC(2) Concurrent Preclean 0.005ms
[2024-03-21T16:17:46.653-0500][gc,start    ] GC(2) Pause Remark
[2024-03-21T16:17:46.654-0500][gc          ] GC(2) Pause Remark 10M->10M(1024M) 0.948ms
[2024-03-21T16:17:46.654-0500][gc,cpu      ] GC(2) User=0.00s Sys=0.00s Real=0.00s
[2024-03-21T16:17:46.654-0500][gc,marking  ] GC(2) Concurrent Mark 2.710ms
[2024-03-21T16:17:46.654-0500][gc,marking  ] GC(2) Concurrent Rebuild Remembered Sets and Scrub Regions
[2024-03-21T16:17:46.655-0500][gc,marking  ] GC(2) Concurrent Rebuild Remembered Sets and Scrub Regions 1.191ms
[2024-03-21T16:17:46.655-0500][gc,start    ] GC(2) Pause Cleanup
[2024-03-21T16:17:46.655-0500][gc          ] GC(2) Pause Cleanup 10M->10M(1024M) 0.068ms
[2024-03-21T16:17:46.655-0500][gc,cpu      ] GC(2) User=0.00s Sys=0.00s Real=0.00s
[2024-03-21T16:17:46.655-0500][gc,marking  ] GC(2) Concurrent Clear Claimed Marks
[2024-03-21T16:17:46.655-0500][gc,marking  ] GC(2) Concurrent Clear Claimed Marks 0.010ms
[2024-03-21T16:17:46.655-0500][gc,marking  ] GC(2) Concurrent Cleanup for Next Mark
[2024-03-21T16:17:46.657-0500][gc,marking  ] GC(2) Concurrent Cleanup for Next Mark 1.482ms
[2024-03-21T16:17:46.657-0500][gc          ] GC(2) Concurrent Mark Cycle 6.839ms
[2024-03-21T16:17:46.983-0500][gc,start    ] GC(3) Pause Young (Prepare Mixed) (G1 Evacuation Pause)
[2024-03-21T16:17:46.983-0500][gc,task     ] GC(3) Using 8 workers of 8 for evacuation
[2024-03-21T16:17:46.985-0500][gc,phases   ] GC(3)   Pre Evacuate Collection Set: 0.1ms
[2024-03-21T16:17:46.985-0500][gc,phases   ] GC(3)   Merge Heap Roots: 0.0ms
[2024-03-21T16:17:46.985-0500][gc,phases   ] GC(3)   Evacuate Collection Set: 1.7ms
[2024-03-21T16:17:46.985-0500][gc,phases   ] GC(3)   Post Evacuate Collection Set: 0.2ms
[2024-03-21T16:17:46.985-0500][gc,phases   ] GC(3)   Other: 0.0ms
[2024-03-21T16:17:46.985-0500][gc,heap     ] GC(3) Eden regions: 49->0(44)
[2024-03-21T16:17:46.985-0500][gc,heap     ] GC(3) Survivor regions: 2->7(7)
[2024-03-21T16:17:46.985-0500][gc,heap     ] GC(3) Old regions: 11->11
[2024-03-21T16:17:46.985-0500][gc,heap     ] GC(3) Humongous regions: 129->129
[2024-03-21T16:17:46.985-0500][gc,metaspace] GC(3) Metaspace: 33231K(33472K)->33231K(33472K) NonClass: 29653K(29760K)->29653K(29760K) Class: 3577K(3712K)->3577K(3712K)
[2024-03-21T16:17:46.985-0500][gc          ] GC(3) Pause Young (Prepare Mixed) (G1 Evacuation Pause) 188M->144M(1024M) 2.252ms
[2024-03-21T16:17:46.985-0500][gc,cpu      ] GC(3) User=0.01s Sys=0.00s Real=0.00s
[2024-03-21T16:17:47.037-0500][gc,start    ] GC(4) Pause Young (Mixed) (Metadata GC Threshold)
[2024-03-21T16:17:47.037-0500][gc,task     ] GC(4) Using 8 workers of 8 for evacuation
[2024-03-21T16:17:47.040-0500][gc,phases   ] GC(4)   Pre Evacuate Collection Set: 0.1ms
[2024-03-21T16:17:47.040-0500][gc,phases   ] GC(4)   Merge Heap Roots: 0.0ms
[2024-03-21T16:17:47.040-0500][gc,phases   ] GC(4)   Evacuate Collection Set: 2.3ms
[2024-03-21T16:17:47.040-0500][gc,phases   ] GC(4)   Post Evacuate Collection Set: 0.2ms
[2024-03-21T16:17:47.040-0500][gc,phases   ] GC(4)   Other: 0.0ms
[2024-03-21T16:17:47.040-0500][gc,heap     ] GC(4) Eden regions: 12->0(49)
[2024-03-21T16:17:47.040-0500][gc,heap     ] GC(4) Survivor regions: 7->2(7)
[2024-03-21T16:17:47.040-0500][gc,heap     ] GC(4) Old regions: 11->15
[2024-03-21T16:17:47.040-0500][gc,heap     ] GC(4) Humongous regions: 129->129
[2024-03-21T16:17:47.040-0500][gc,metaspace] GC(4) Metaspace: 35863K(36160K)->35863K(36160K) NonClass: 31888K(32064K)->31888K(32064K) Class: 3974K(4096K)->3974K(4096K)
[2024-03-21T16:17:47.040-0500][gc          ] GC(4) Pause Young (Mixed) (Metadata GC Threshold) 156M->145M(1024M) 2.856ms
[2024-03-21T16:17:47.040-0500][gc,cpu      ] GC(4) User=0.01s Sys=0.00s Real=0.01s
[2024-03-21T16:17:48.794-0500][gc,start    ] GC(5) Pause Young (Concurrent Start) (Metadata GC Threshold)
[2024-03-21T16:17:48.794-0500][gc,task     ] GC(5) Using 8 workers of 8 for evacuation
[2024-03-21T16:17:48.795-0500][gc,phases   ] GC(5)   Pre Evacuate Collection Set: 0.1ms
[2024-03-21T16:17:48.795-0500][gc,phases   ] GC(5)   Merge Heap Roots: 0.0ms
[2024-03-21T16:17:48.795-0500][gc,phases   ] GC(5)   Evacuate Collection Set: 0.7ms
[2024-03-21T16:17:48.795-0500][gc,phases   ] GC(5)   Post Evacuate Collection Set: 0.2ms
[2024-03-21T16:17:48.795-0500][gc,phases   ] GC(5)   Other: 0.1ms
[2024-03-21T16:17:48.795-0500][gc,heap     ] GC(5) Eden regions: 4->0(50)
[2024-03-21T16:17:48.795-0500][gc,heap     ] GC(5) Survivor regions: 2->1(7)
[2024-03-21T16:17:48.795-0500][gc,heap     ] GC(5) Old regions: 15->15
[2024-03-21T16:17:48.795-0500][gc,heap     ] GC(5) Humongous regions: 129->129
[2024-03-21T16:17:48.795-0500][gc,metaspace] GC(5) Metaspace: 36173K(36480K)->36173K(36480K) NonClass: 32146K(32320K)->32146K(32320K) Class: 4027K(4160K)->4027K(4160K)
[2024-03-21T16:17:48.795-0500][gc          ] GC(5) Pause Young (Concurrent Start) (Metadata GC Threshold) 148M->144M(1024M) 1.263ms
[2024-03-21T16:17:48.795-0500][gc,cpu      ] GC(5) User=0.00s Sys=0.00s Real=0.00s
[2024-03-21T16:17:48.795-0500][gc          ] GC(6) Concurrent Mark Cycle
[2024-03-21T16:17:48.795-0500][gc,marking  ] GC(6) Concurrent Scan Root Regions
[2024-03-21T16:17:48.796-0500][gc,marking  ] GC(6) Concurrent Scan Root Regions 0.821ms
[2024-03-21T16:17:48.796-0500][gc,marking  ] GC(6) Concurrent Mark
[2024-03-21T16:17:48.796-0500][gc,marking  ] GC(6) Concurrent Mark From Roots
[2024-03-21T16:17:48.796-0500][gc,task     ] GC(6) Using 2 workers of 2 for marking
[2024-03-21T16:17:48.803-0500][gc,marking  ] GC(6) Concurrent Mark From Roots 7.149ms
[2024-03-21T16:17:48.803-0500][gc,marking  ] GC(6) Concurrent Preclean
[2024-03-21T16:17:48.803-0500][gc,marking  ] GC(6) Concurrent Preclean 0.043ms
[2024-03-21T16:17:48.804-0500][gc,start    ] GC(6) Pause Remark
[2024-03-21T16:17:48.805-0500][gc          ] GC(6) Pause Remark 145M->145M(1024M) 1.312ms
[2024-03-21T16:17:48.805-0500][gc,cpu      ] GC(6) User=0.01s Sys=0.00s Real=0.00s
[2024-03-21T16:17:48.805-0500][gc,marking  ] GC(6) Concurrent Mark 8.764ms
[2024-03-21T16:17:48.805-0500][gc,marking  ] GC(6) Concurrent Rebuild Remembered Sets and Scrub Regions
[2024-03-21T16:17:48.809-0500][gc,marking  ] GC(6) Concurrent Rebuild Remembered Sets and Scrub Regions 4.097ms
[2024-03-21T16:17:48.809-0500][gc,start    ] GC(6) Pause Cleanup
[2024-03-21T16:17:48.810-0500][gc          ] GC(6) Pause Cleanup 146M->146M(1024M) 0.108ms
[2024-03-21T16:17:48.810-0500][gc,cpu      ] GC(6) User=0.00s Sys=0.00s Real=0.01s
[2024-03-21T16:17:48.810-0500][gc,marking  ] GC(6) Concurrent Clear Claimed Marks
[2024-03-21T16:17:48.810-0500][gc,marking  ] GC(6) Concurrent Clear Claimed Marks 0.024ms
[2024-03-21T16:17:48.810-0500][gc,marking  ] GC(6) Concurrent Cleanup for Next Mark
[2024-03-21T16:17:48.812-0500][gc,marking  ] GC(6) Concurrent Cleanup for Next Mark 2.028ms
[2024-03-21T16:17:48.812-0500][gc          ] GC(6) Concurrent Mark Cycle 16.626ms
[2024-03-21T16:18:59.057-0500][gc,start    ] GC(7) Pause Young (Prepare Mixed) (G1 Evacuation Pause)
[2024-03-21T16:18:59.058-0500][gc,task     ] GC(7) Using 8 workers of 8 for evacuation
[2024-03-21T16:18:59.075-0500][gc,phases   ] GC(7)   Pre Evacuate Collection Set: 1.4ms
[2024-03-21T16:18:59.075-0500][gc,phases   ] GC(7)   Merge Heap Roots: 0.2ms
[2024-03-21T16:18:59.075-0500][gc,phases   ] GC(7)   Evacuate Collection Set: 12.1ms
[2024-03-21T16:18:59.075-0500][gc,phases   ] GC(7)   Post Evacuate Collection Set: 0.5ms
[2024-03-21T16:18:59.075-0500][gc,phases   ] GC(7)   Other: 2.6ms
[2024-03-21T16:18:59.075-0500][gc,heap     ] GC(7) Eden regions: 50->0(46)
[2024-03-21T16:18:59.075-0500][gc,heap     ] GC(7) Survivor regions: 1->5(7)
[2024-03-21T16:18:59.075-0500][gc,heap     ] GC(7) Old regions: 15->15
[2024-03-21T16:18:59.075-0500][gc,heap     ] GC(7) Humongous regions: 129->129
[2024-03-21T16:18:59.075-0500][gc,metaspace] GC(7) Metaspace: 43504K(44224K)->43504K(44224K) NonClass: 38321K(38720K)->38321K(38720K) Class: 5182K(5504K)->5182K(5504K)
[2024-03-21T16:18:59.075-0500][gc          ] GC(7) Pause Young (Prepare Mixed) (G1 Evacuation Pause) 194M->148M(1024M) 17.888ms
[2024-03-21T16:18:59.075-0500][gc,cpu      ] GC(7) User=0.02s Sys=0.01s Real=0.02s
