[2024-03-21T16:14:59.303-0500][gc,init] CardTable entry size: 512
[2024-03-21T16:14:59.303-0500][gc     ] Using G1
[2024-03-21T16:14:59.304-0500][gc,init] Version: 21.0.2+13-58 (release)
[2024-03-21T16:14:59.304-0500][gc,init] CPUs: 8 total, 8 available
[2024-03-21T16:14:59.304-0500][gc,init] Memory: 16384M
[2024-03-21T16:14:59.304-0500][gc,init] Large Page Support: Disabled
[2024-03-21T16:14:59.304-0500][gc,init] NUMA Support: Disabled
[2024-03-21T16:14:59.304-0500][gc,init] Compressed Oops: Enabled (Zero based)
[2024-03-21T16:14:59.304-0500][gc,init] Heap Region Size: 1M
[2024-03-21T16:14:59.304-0500][gc,init] Heap Min Capacity: 1G
[2024-03-21T16:14:59.304-0500][gc,init] Heap Initial Capacity: 1G
[2024-03-21T16:14:59.304-0500][gc,init] Heap Max Capacity: 1G
[2024-03-21T16:14:59.304-0500][gc,init] Pre-touch: Disabled
[2024-03-21T16:14:59.304-0500][gc,init] Parallel Workers: 8
[2024-03-21T16:14:59.304-0500][gc,init] Concurrent Workers: 2
[2024-03-21T16:14:59.304-0500][gc,init] Concurrent Refinement Workers: 8
[2024-03-21T16:14:59.304-0500][gc,init] Periodic GC: Disabled
[2024-03-21T16:14:59.308-0500][gc,metaspace] CDS archive(s) mapped at: [0x000000c800000000-0x000000c800ca4000-0x000000c800ca4000), size 13254656, SharedBaseAddress: 0x000000c800000000, ArchiveRelocationMode: 1.
[2024-03-21T16:14:59.308-0500][gc,metaspace] Compressed class space mapped at: 0x000000c801000000-0x000000c841000000, reserved size: 1073741824
[2024-03-21T16:14:59.308-0500][gc,metaspace] Narrow klass base: 0x000000c800000000, Narrow klass shift: 0, Narrow klass range: 0x100000000
[2024-03-21T16:14:59.965-0500][gc,start    ] GC(0) Pause Young (Normal) (G1 Evacuation Pause)
[2024-03-21T16:14:59.966-0500][gc,task     ] GC(0) Using 8 workers of 8 for evacuation
[2024-03-21T16:14:59.968-0500][gc,phases   ] GC(0)   Pre Evacuate Collection Set: 0.2ms
[2024-03-21T16:14:59.968-0500][gc,phases   ] GC(0)   Merge Heap Roots: 0.0ms
[2024-03-21T16:14:59.968-0500][gc,phases   ] GC(0)   Evacuate Collection Set: 2.2ms
[2024-03-21T16:14:59.968-0500][gc,phases   ] GC(0)   Post Evacuate Collection Set: 0.3ms
[2024-03-21T16:14:59.968-0500][gc,phases   ] GC(0)   Other: 0.2ms
[2024-03-21T16:14:59.968-0500][gc,heap     ] GC(0) Eden regions: 51->0(44)
[2024-03-21T16:14:59.968-0500][gc,heap     ] GC(0) Survivor regions: 0->7(7)
[2024-03-21T16:14:59.968-0500][gc,heap     ] GC(0) Old regions: 2->4
[2024-03-21T16:14:59.968-0500][gc,heap     ] GC(0) Humongous regions: 0->0
[2024-03-21T16:14:59.968-0500][gc,metaspace] GC(0) Metaspace: 17953K(18176K)->17953K(18176K) NonClass: 15889K(16000K)->15889K(16000K) Class: 2064K(2176K)->2064K(2176K)
[2024-03-21T16:14:59.968-0500][gc          ] GC(0) Pause Young (Normal) (G1 Evacuation Pause) 52M->9M(1024M) 3.001ms
[2024-03-21T16:14:59.968-0500][gc,cpu      ] GC(0) User=0.01s Sys=0.01s Real=0.00s
[2024-03-21T16:15:00.082-0500][gc,start    ] GC(1) Pause Young (Concurrent Start) (Metadata GC Threshold)
[2024-03-21T16:15:00.082-0500][gc,task     ] GC(1) Using 8 workers of 8 for evacuation
[2024-03-21T16:15:00.084-0500][gc,phases   ] GC(1)   Pre Evacuate Collection Set: 0.1ms
[2024-03-21T16:15:00.084-0500][gc,phases   ] GC(1)   Merge Heap Roots: 0.0ms
[2024-03-21T16:15:00.084-0500][gc,phases   ] GC(1)   Evacuate Collection Set: 1.9ms
[2024-03-21T16:15:00.084-0500][gc,phases   ] GC(1)   Post Evacuate Collection Set: 0.2ms
[2024-03-21T16:15:00.084-0500][gc,phases   ] GC(1)   Other: 0.0ms
[2024-03-21T16:15:00.084-0500][gc,heap     ] GC(1) Eden regions: 14->0(49)
[2024-03-21T16:15:00.084-0500][gc,heap     ] GC(1) Survivor regions: 7->2(7)
[2024-03-21T16:15:00.084-0500][gc,heap     ] GC(1) Old regions: 4->10
[2024-03-21T16:15:00.084-0500][gc,heap     ] GC(1) Humongous regions: 0->0
[2024-03-21T16:15:00.084-0500][gc,metaspace] GC(1) Metaspace: 21347K(21504K)->21347K(21504K) NonClass: 18842K(18944K)->18842K(18944K) Class: 2504K(2560K)->2504K(2560K)
[2024-03-21T16:15:00.084-0500][gc          ] GC(1) Pause Young (Concurrent Start) (Metadata GC Threshold) 22M->10M(1024M) 2.401ms
[2024-03-21T16:15:00.084-0500][gc,cpu      ] GC(1) User=0.01s Sys=0.01s Real=0.00s
[2024-03-21T16:15:00.084-0500][gc          ] GC(2) Concurrent Mark Cycle
[2024-03-21T16:15:00.084-0500][gc,marking  ] GC(2) Concurrent Scan Root Regions
[2024-03-21T16:15:00.086-0500][gc,marking  ] GC(2) Concurrent Scan Root Regions 1.280ms
[2024-03-21T16:15:00.086-0500][gc,marking  ] GC(2) Concurrent Mark
[2024-03-21T16:15:00.086-0500][gc,marking  ] GC(2) Concurrent Mark From Roots
[2024-03-21T16:15:00.086-0500][gc,task     ] GC(2) Using 2 workers of 2 for marking
[2024-03-21T16:15:00.087-0500][gc,marking  ] GC(2) Concurrent Mark From Roots 0.819ms
[2024-03-21T16:15:00.087-0500][gc,marking  ] GC(2) Concurrent Preclean
[2024-03-21T16:15:00.087-0500][gc,marking  ] GC(2) Concurrent Preclean 0.005ms
[2024-03-21T16:15:00.087-0500][gc,start    ] GC(2) Pause Remark
[2024-03-21T16:15:00.088-0500][gc          ] GC(2) Pause Remark 10M->10M(1024M) 0.912ms
[2024-03-21T16:15:00.088-0500][gc,cpu      ] GC(2) User=0.00s Sys=0.00s Real=0.00s
[2024-03-21T16:15:00.088-0500][gc,marking  ] GC(2) Concurrent Mark 2.229ms
[2024-03-21T16:15:00.088-0500][gc,marking  ] GC(2) Concurrent Rebuild Remembered Sets and Scrub Regions
[2024-03-21T16:15:00.089-0500][gc,marking  ] GC(2) Concurrent Rebuild Remembered Sets and Scrub Regions 1.063ms
[2024-03-21T16:15:00.091-0500][gc,start    ] GC(2) Pause Cleanup
[2024-03-21T16:15:00.091-0500][gc          ] GC(2) Pause Cleanup 10M->10M(1024M) 0.103ms
[2024-03-21T16:15:00.091-0500][gc,cpu      ] GC(2) User=0.00s Sys=0.00s Real=0.00s
[2024-03-21T16:15:00.092-0500][gc,marking  ] GC(2) Concurrent Clear Claimed Marks
[2024-03-21T16:15:00.092-0500][gc,marking  ] GC(2) Concurrent Clear Claimed Marks 0.027ms
[2024-03-21T16:15:00.092-0500][gc,marking  ] GC(2) Concurrent Cleanup for Next Mark
[2024-03-21T16:15:00.093-0500][gc,marking  ] GC(2) Concurrent Cleanup for Next Mark 1.638ms
[2024-03-21T16:15:00.093-0500][gc          ] GC(2) Concurrent Mark Cycle 8.760ms
[2024-03-21T16:15:00.406-0500][gc,start    ] GC(3) Pause Young (Prepare Mixed) (GCLocker Initiated GC)
[2024-03-21T16:15:00.406-0500][gc,task     ] GC(3) Using 8 workers of 8 for evacuation
[2024-03-21T16:15:00.408-0500][gc,phases   ] GC(3)   Pre Evacuate Collection Set: 0.1ms
[2024-03-21T16:15:00.408-0500][gc,phases   ] GC(3)   Merge Heap Roots: 0.0ms
[2024-03-21T16:15:00.408-0500][gc,phases   ] GC(3)   Evacuate Collection Set: 1.8ms
[2024-03-21T16:15:00.408-0500][gc,phases   ] GC(3)   Post Evacuate Collection Set: 0.2ms
[2024-03-21T16:15:00.408-0500][gc,phases   ] GC(3)   Other: 0.0ms
[2024-03-21T16:15:00.408-0500][gc,heap     ] GC(3) Eden regions: 49->0(44)
[2024-03-21T16:15:00.408-0500][gc,heap     ] GC(3) Survivor regions: 2->7(7)
[2024-03-21T16:15:00.408-0500][gc,heap     ] GC(3) Old regions: 10->10
[2024-03-21T16:15:00.408-0500][gc,heap     ] GC(3) Humongous regions: 129->129
[2024-03-21T16:15:00.408-0500][gc,metaspace] GC(3) Metaspace: 32839K(33152K)->32839K(33152K) NonClass: 29277K(29440K)->29277K(29440K) Class: 3561K(3712K)->3561K(3712K)
[2024-03-21T16:15:00.408-0500][gc          ] GC(3) Pause Young (Prepare Mixed) (GCLocker Initiated GC) 188M->144M(1024M) 2.300ms
[2024-03-21T16:15:00.408-0500][gc,cpu      ] GC(3) User=0.01s Sys=0.01s Real=0.00s
[2024-03-21T16:15:00.561-0500][gc,start    ] GC(4) Pause Young (Mixed) (Metadata GC Threshold)
[2024-03-21T16:15:00.561-0500][gc,task     ] GC(4) Using 8 workers of 8 for evacuation
[2024-03-21T16:15:00.564-0500][gc,phases   ] GC(4)   Pre Evacuate Collection Set: 0.2ms
[2024-03-21T16:15:00.564-0500][gc,phases   ] GC(4)   Merge Heap Roots: 0.0ms
[2024-03-21T16:15:00.564-0500][gc,phases   ] GC(4)   Evacuate Collection Set: 2.8ms
[2024-03-21T16:15:00.564-0500][gc,phases   ] GC(4)   Post Evacuate Collection Set: 0.2ms
[2024-03-21T16:15:00.564-0500][gc,phases   ] GC(4)   Other: 0.0ms
[2024-03-21T16:15:00.564-0500][gc,heap     ] GC(4) Eden regions: 12->0(50)
[2024-03-21T16:15:00.564-0500][gc,heap     ] GC(4) Survivor regions: 7->1(7)
[2024-03-21T16:15:00.564-0500][gc,heap     ] GC(4) Old regions: 10->15
[2024-03-21T16:15:00.564-0500][gc,heap     ] GC(4) Humongous regions: 129->129
[2024-03-21T16:15:00.564-0500][gc,metaspace] GC(4) Metaspace: 35680K(35968K)->35680K(35968K) NonClass: 31734K(31872K)->31734K(31872K) Class: 3945K(4096K)->3945K(4096K)
[2024-03-21T16:15:00.564-0500][gc          ] GC(4) Pause Young (Mixed) (Metadata GC Threshold) 155M->144M(1024M) 3.335ms
[2024-03-21T16:15:00.564-0500][gc,cpu      ] GC(4) User=0.01s Sys=0.00s Real=0.00s
[2024-03-21T16:15:00.574-0500][gc,start    ] GC(5) Pause Young (Concurrent Start) (Metadata GC Threshold)
[2024-03-21T16:15:00.574-0500][gc,task     ] GC(5) Using 8 workers of 8 for evacuation
[2024-03-21T16:15:00.575-0500][gc,phases   ] GC(5)   Pre Evacuate Collection Set: 0.2ms
[2024-03-21T16:15:00.575-0500][gc,phases   ] GC(5)   Merge Heap Roots: 0.0ms
[2024-03-21T16:15:00.575-0500][gc,phases   ] GC(5)   Evacuate Collection Set: 0.5ms
[2024-03-21T16:15:00.575-0500][gc,phases   ] GC(5)   Post Evacuate Collection Set: 0.1ms
[2024-03-21T16:15:00.575-0500][gc,phases   ] GC(5)   Other: 0.0ms
[2024-03-21T16:15:00.575-0500][gc,heap     ] GC(5) Eden regions: 2->0(50)
[2024-03-21T16:15:00.575-0500][gc,heap     ] GC(5) Survivor regions: 1->1(7)
[2024-03-21T16:15:00.575-0500][gc,heap     ] GC(5) Old regions: 15->15
[2024-03-21T16:15:00.575-0500][gc,heap     ] GC(5) Humongous regions: 129->129
[2024-03-21T16:15:00.575-0500][gc,metaspace] GC(5) Metaspace: 36031K(36288K)->36031K(36288K) NonClass: 32030K(32192K)->32030K(32192K) Class: 4000K(4096K)->4000K(4096K)
[2024-03-21T16:15:00.575-0500][gc          ] GC(5) Pause Young (Concurrent Start) (Metadata GC Threshold) 146M->144M(1024M) 0.973ms
[2024-03-21T16:15:00.575-0500][gc          ] GC(6) Concurrent Mark Cycle
[2024-03-21T16:15:00.575-0500][gc,cpu      ] GC(5) User=0.00s Sys=0.00s Real=0.00s
[2024-03-21T16:15:00.575-0500][gc,marking  ] GC(6) Concurrent Scan Root Regions
[2024-03-21T16:15:00.576-0500][gc,marking  ] GC(6) Concurrent Scan Root Regions 0.665ms
[2024-03-21T16:15:00.576-0500][gc,marking  ] GC(6) Concurrent Mark
[2024-03-21T16:15:00.576-0500][gc,marking  ] GC(6) Concurrent Mark From Roots
[2024-03-21T16:15:00.576-0500][gc,task     ] GC(6) Using 2 workers of 2 for marking
[2024-03-21T16:15:00.582-0500][gc,marking  ] GC(6) Concurrent Mark From Roots 5.612ms
[2024-03-21T16:15:00.582-0500][gc,marking  ] GC(6) Concurrent Preclean
[2024-03-21T16:15:00.582-0500][gc,marking  ] GC(6) Concurrent Preclean 0.028ms
[2024-03-21T16:15:00.582-0500][gc,start    ] GC(6) Pause Remark
[2024-03-21T16:15:00.583-0500][gc          ] GC(6) Pause Remark 145M->145M(1024M) 1.036ms
[2024-03-21T16:15:00.583-0500][gc,cpu      ] GC(6) User=0.00s Sys=0.00s Real=0.00s
[2024-03-21T16:15:00.583-0500][gc,marking  ] GC(6) Concurrent Mark 6.793ms
[2024-03-21T16:15:00.583-0500][gc,marking  ] GC(6) Concurrent Rebuild Remembered Sets and Scrub Regions
[2024-03-21T16:15:00.585-0500][gc,marking  ] GC(6) Concurrent Rebuild Remembered Sets and Scrub Regions 2.149ms
[2024-03-21T16:15:00.585-0500][gc,start    ] GC(6) Pause Cleanup
[2024-03-21T16:15:00.585-0500][gc          ] GC(6) Pause Cleanup 145M->145M(1024M) 0.123ms
[2024-03-21T16:15:00.585-0500][gc,cpu      ] GC(6) User=0.00s Sys=0.00s Real=0.00s
[2024-03-21T16:15:00.585-0500][gc,marking  ] GC(6) Concurrent Clear Claimed Marks
[2024-03-21T16:15:00.585-0500][gc,marking  ] GC(6) Concurrent Clear Claimed Marks 0.010ms
[2024-03-21T16:15:00.585-0500][gc,marking  ] GC(6) Concurrent Cleanup for Next Mark
[2024-03-21T16:15:00.586-0500][gc,marking  ] GC(6) Concurrent Cleanup for Next Mark 0.731ms
[2024-03-21T16:15:00.586-0500][gc          ] GC(6) Concurrent Mark Cycle 10.572ms
