[2024-03-21T16:12:08.706-0500][gc,init] CardTable entry size: 512
[2024-03-21T16:12:08.706-0500][gc     ] Using G1
[2024-03-21T16:12:08.707-0500][gc,init] Version: 21.0.2+13-58 (release)
[2024-03-21T16:12:08.707-0500][gc,init] CPUs: 8 total, 8 available
[2024-03-21T16:12:08.707-0500][gc,init] Memory: 16384M
[2024-03-21T16:12:08.707-0500][gc,init] Large Page Support: Disabled
[2024-03-21T16:12:08.707-0500][gc,init] NUMA Support: Disabled
[2024-03-21T16:12:08.707-0500][gc,init] Compressed Oops: Enabled (Zero based)
[2024-03-21T16:12:08.707-0500][gc,init] Heap Region Size: 1M
[2024-03-21T16:12:08.707-0500][gc,init] Heap Min Capacity: 1G
[2024-03-21T16:12:08.707-0500][gc,init] Heap Initial Capacity: 1G
[2024-03-21T16:12:08.707-0500][gc,init] Heap Max Capacity: 1G
[2024-03-21T16:12:08.707-0500][gc,init] Pre-touch: Disabled
[2024-03-21T16:12:08.707-0500][gc,init] Parallel Workers: 8
[2024-03-21T16:12:08.707-0500][gc,init] Concurrent Workers: 2
[2024-03-21T16:12:08.707-0500][gc,init] Concurrent Refinement Workers: 8
[2024-03-21T16:12:08.707-0500][gc,init] Periodic GC: Disabled
[2024-03-21T16:12:08.711-0500][gc,metaspace] CDS archive(s) mapped at: [0x0000000300000000-0x0000000300ca4000-0x0000000300ca4000), size 13254656, SharedBaseAddress: 0x0000000300000000, ArchiveRelocationMode: 1.
[2024-03-21T16:12:08.711-0500][gc,metaspace] Compressed class space mapped at: 0x0000000301000000-0x0000000341000000, reserved size: 1073741824
[2024-03-21T16:12:08.711-0500][gc,metaspace] Narrow klass base: 0x0000000300000000, Narrow klass shift: 0, Narrow klass range: 0x100000000
[2024-03-21T16:12:09.391-0500][gc,start    ] GC(0) Pause Young (Normal) (G1 Evacuation Pause)
[2024-03-21T16:12:09.391-0500][gc,task     ] GC(0) Using 8 workers of 8 for evacuation
[2024-03-21T16:12:09.394-0500][gc,phases   ] GC(0)   Pre Evacuate Collection Set: 0.1ms
[2024-03-21T16:12:09.394-0500][gc,phases   ] GC(0)   Merge Heap Roots: 0.0ms
[2024-03-21T16:12:09.394-0500][gc,phases   ] GC(0)   Evacuate Collection Set: 2.1ms
[2024-03-21T16:12:09.394-0500][gc,phases   ] GC(0)   Post Evacuate Collection Set: 0.3ms
[2024-03-21T16:12:09.394-0500][gc,phases   ] GC(0)   Other: 0.2ms
[2024-03-21T16:12:09.394-0500][gc,heap     ] GC(0) Eden regions: 51->0(44)
[2024-03-21T16:12:09.394-0500][gc,heap     ] GC(0) Survivor regions: 0->7(7)
[2024-03-21T16:12:09.394-0500][gc,heap     ] GC(0) Old regions: 2->4
[2024-03-21T16:12:09.394-0500][gc,heap     ] GC(0) Humongous regions: 0->0
[2024-03-21T16:12:09.394-0500][gc,metaspace] GC(0) Metaspace: 18060K(18304K)->18060K(18304K) NonClass: 15984K(16128K)->15984K(16128K) Class: 2076K(2176K)->2076K(2176K)
[2024-03-21T16:12:09.394-0500][gc          ] GC(0) Pause Young (Normal) (G1 Evacuation Pause) 52M->9M(1024M) 2.873ms
[2024-03-21T16:12:09.394-0500][gc,cpu      ] GC(0) User=0.01s Sys=0.01s Real=0.00s
[2024-03-21T16:12:09.510-0500][gc,start    ] GC(1) Pause Young (Concurrent Start) (Metadata GC Threshold)
[2024-03-21T16:12:09.510-0500][gc,task     ] GC(1) Using 8 workers of 8 for evacuation
[2024-03-21T16:12:09.512-0500][gc,phases   ] GC(1)   Pre Evacuate Collection Set: 0.1ms
[2024-03-21T16:12:09.512-0500][gc,phases   ] GC(1)   Merge Heap Roots: 0.0ms
[2024-03-21T16:12:09.512-0500][gc,phases   ] GC(1)   Evacuate Collection Set: 1.7ms
[2024-03-21T16:12:09.512-0500][gc,phases   ] GC(1)   Post Evacuate Collection Set: 0.2ms
[2024-03-21T16:12:09.512-0500][gc,phases   ] GC(1)   Other: 0.0ms
[2024-03-21T16:12:09.512-0500][gc,heap     ] GC(1) Eden regions: 14->0(49)
[2024-03-21T16:12:09.512-0500][gc,heap     ] GC(1) Survivor regions: 7->2(7)
[2024-03-21T16:12:09.512-0500][gc,heap     ] GC(1) Old regions: 4->11
[2024-03-21T16:12:09.512-0500][gc,heap     ] GC(1) Humongous regions: 0->0
[2024-03-21T16:12:09.512-0500][gc,metaspace] GC(1) Metaspace: 21346K(21504K)->21346K(21504K) NonClass: 18841K(18944K)->18841K(18944K) Class: 2505K(2560K)->2505K(2560K)
[2024-03-21T16:12:09.512-0500][gc          ] GC(1) Pause Young (Concurrent Start) (Metadata GC Threshold) 22M->10M(1024M) 2.215ms
[2024-03-21T16:12:09.512-0500][gc,cpu      ] GC(1) User=0.01s Sys=0.00s Real=0.00s
[2024-03-21T16:12:09.512-0500][gc          ] GC(2) Concurrent Mark Cycle
[2024-03-21T16:12:09.512-0500][gc,marking  ] GC(2) Concurrent Scan Root Regions
[2024-03-21T16:12:09.513-0500][gc,marking  ] GC(2) Concurrent Scan Root Regions 1.203ms
[2024-03-21T16:12:09.513-0500][gc,marking  ] GC(2) Concurrent Mark
[2024-03-21T16:12:09.513-0500][gc,marking  ] GC(2) Concurrent Mark From Roots
[2024-03-21T16:12:09.513-0500][gc,task     ] GC(2) Using 2 workers of 2 for marking
[2024-03-21T16:12:09.514-0500][gc,marking  ] GC(2) Concurrent Mark From Roots 0.768ms
[2024-03-21T16:12:09.514-0500][gc,marking  ] GC(2) Concurrent Preclean
[2024-03-21T16:12:09.514-0500][gc,marking  ] GC(2) Concurrent Preclean 0.006ms
[2024-03-21T16:12:09.515-0500][gc,start    ] GC(2) Pause Remark
[2024-03-21T16:12:09.516-0500][gc          ] GC(2) Pause Remark 10M->10M(1024M) 0.889ms
[2024-03-21T16:12:09.516-0500][gc,cpu      ] GC(2) User=0.01s Sys=0.00s Real=0.00s
[2024-03-21T16:12:09.516-0500][gc,marking  ] GC(2) Concurrent Mark 2.716ms
[2024-03-21T16:12:09.516-0500][gc,marking  ] GC(2) Concurrent Rebuild Remembered Sets and Scrub Regions
[2024-03-21T16:12:09.517-0500][gc,marking  ] GC(2) Concurrent Rebuild Remembered Sets and Scrub Regions 1.098ms
[2024-03-21T16:12:09.517-0500][gc,start    ] GC(2) Pause Cleanup
[2024-03-21T16:12:09.517-0500][gc          ] GC(2) Pause Cleanup 10M->10M(1024M) 0.067ms
[2024-03-21T16:12:09.517-0500][gc,cpu      ] GC(2) User=0.00s Sys=0.00s Real=0.00s
[2024-03-21T16:12:09.517-0500][gc,marking  ] GC(2) Concurrent Clear Claimed Marks
[2024-03-21T16:12:09.517-0500][gc,marking  ] GC(2) Concurrent Clear Claimed Marks 0.009ms
[2024-03-21T16:12:09.517-0500][gc,marking  ] GC(2) Concurrent Cleanup for Next Mark
[2024-03-21T16:12:09.519-0500][gc,marking  ] GC(2) Concurrent Cleanup for Next Mark 1.243ms
[2024-03-21T16:12:09.519-0500][gc          ] GC(2) Concurrent Mark Cycle 6.495ms
[2024-03-21T16:12:09.850-0500][gc,start    ] GC(3) Pause Young (Prepare Mixed) (G1 Evacuation Pause)
[2024-03-21T16:12:09.850-0500][gc,task     ] GC(3) Using 8 workers of 8 for evacuation
[2024-03-21T16:12:09.852-0500][gc,phases   ] GC(3)   Pre Evacuate Collection Set: 0.1ms
[2024-03-21T16:12:09.852-0500][gc,phases   ] GC(3)   Merge Heap Roots: 0.0ms
[2024-03-21T16:12:09.852-0500][gc,phases   ] GC(3)   Evacuate Collection Set: 2.1ms
[2024-03-21T16:12:09.852-0500][gc,phases   ] GC(3)   Post Evacuate Collection Set: 0.2ms
[2024-03-21T16:12:09.852-0500][gc,phases   ] GC(3)   Other: 0.0ms
[2024-03-21T16:12:09.852-0500][gc,heap     ] GC(3) Eden regions: 49->0(44)
[2024-03-21T16:12:09.852-0500][gc,heap     ] GC(3) Survivor regions: 2->7(7)
[2024-03-21T16:12:09.852-0500][gc,heap     ] GC(3) Old regions: 11->11
[2024-03-21T16:12:09.852-0500][gc,heap     ] GC(3) Humongous regions: 129->129
[2024-03-21T16:12:09.852-0500][gc,metaspace] GC(3) Metaspace: 32824K(33088K)->32824K(33088K) NonClass: 29263K(29376K)->29263K(29376K) Class: 3561K(3712K)->3561K(3712K)
[2024-03-21T16:12:09.852-0500][gc          ] GC(3) Pause Young (Prepare Mixed) (G1 Evacuation Pause) 188M->144M(1024M) 2.634ms
[2024-03-21T16:12:09.852-0500][gc,cpu      ] GC(3) User=0.01s Sys=0.00s Real=0.00s
[2024-03-21T16:12:10.013-0500][gc,start    ] GC(4) Pause Young (Mixed) (Metadata GC Threshold)
[2024-03-21T16:12:10.013-0500][gc,task     ] GC(4) Using 8 workers of 8 for evacuation
[2024-03-21T16:12:10.016-0500][gc,phases   ] GC(4)   Pre Evacuate Collection Set: 0.2ms
[2024-03-21T16:12:10.016-0500][gc,phases   ] GC(4)   Merge Heap Roots: 0.0ms
[2024-03-21T16:12:10.016-0500][gc,phases   ] GC(4)   Evacuate Collection Set: 2.6ms
[2024-03-21T16:12:10.016-0500][gc,phases   ] GC(4)   Post Evacuate Collection Set: 0.2ms
[2024-03-21T16:12:10.016-0500][gc,phases   ] GC(4)   Other: 0.0ms
[2024-03-21T16:12:10.016-0500][gc,heap     ] GC(4) Eden regions: 13->0(50)
[2024-03-21T16:12:10.016-0500][gc,heap     ] GC(4) Survivor regions: 7->1(7)
[2024-03-21T16:12:10.016-0500][gc,heap     ] GC(4) Old regions: 11->16
[2024-03-21T16:12:10.016-0500][gc,heap     ] GC(4) Humongous regions: 129->129
[2024-03-21T16:12:10.016-0500][gc,metaspace] GC(4) Metaspace: 35895K(36160K)->35895K(36160K) NonClass: 31911K(32064K)->31911K(32064K) Class: 3984K(4096K)->3984K(4096K)
[2024-03-21T16:12:10.016-0500][gc          ] GC(4) Pause Young (Mixed) (Metadata GC Threshold) 156M->145M(1024M) 3.218ms
[2024-03-21T16:12:10.016-0500][gc,cpu      ] GC(4) User=0.02s Sys=0.00s Real=0.00s
[2024-03-21T16:12:10.055-0500][gc,start    ] GC(5) Pause Young (Concurrent Start) (Metadata GC Threshold)
[2024-03-21T16:12:10.055-0500][gc,task     ] GC(5) Using 8 workers of 8 for evacuation
[2024-03-21T16:12:10.056-0500][gc,phases   ] GC(5)   Pre Evacuate Collection Set: 0.2ms
[2024-03-21T16:12:10.056-0500][gc,phases   ] GC(5)   Merge Heap Roots: 0.0ms
[2024-03-21T16:12:10.056-0500][gc,phases   ] GC(5)   Evacuate Collection Set: 0.5ms
[2024-03-21T16:12:10.056-0500][gc,phases   ] GC(5)   Post Evacuate Collection Set: 0.2ms
[2024-03-21T16:12:10.056-0500][gc,phases   ] GC(5)   Other: 0.0ms
[2024-03-21T16:12:10.056-0500][gc,heap     ] GC(5) Eden regions: 2->0(50)
[2024-03-21T16:12:10.056-0500][gc,heap     ] GC(5) Survivor regions: 1->1(7)
[2024-03-21T16:12:10.056-0500][gc,heap     ] GC(5) Old regions: 16->16
[2024-03-21T16:12:10.056-0500][gc,heap     ] GC(5) Humongous regions: 129->129
[2024-03-21T16:12:10.056-0500][gc,metaspace] GC(5) Metaspace: 36198K(36480K)->36198K(36480K) NonClass: 32165K(32320K)->32165K(32320K) Class: 4033K(4160K)->4033K(4160K)
[2024-03-21T16:12:10.056-0500][gc          ] GC(5) Pause Young (Concurrent Start) (Metadata GC Threshold) 146M->144M(1024M) 0.998ms
[2024-03-21T16:12:10.056-0500][gc,cpu      ] GC(5) User=0.00s Sys=0.00s Real=0.00s
[2024-03-21T16:12:10.056-0500][gc          ] GC(6) Concurrent Mark Cycle
[2024-03-21T16:12:10.056-0500][gc,marking  ] GC(6) Concurrent Scan Root Regions
[2024-03-21T16:12:10.057-0500][gc,marking  ] GC(6) Concurrent Scan Root Regions 0.694ms
[2024-03-21T16:12:10.057-0500][gc,marking  ] GC(6) Concurrent Mark
[2024-03-21T16:12:10.057-0500][gc,marking  ] GC(6) Concurrent Mark From Roots
[2024-03-21T16:12:10.057-0500][gc,task     ] GC(6) Using 2 workers of 2 for marking
[2024-03-21T16:12:10.062-0500][gc,marking  ] GC(6) Concurrent Mark From Roots 5.373ms
[2024-03-21T16:12:10.062-0500][gc,marking  ] GC(6) Concurrent Preclean
[2024-03-21T16:12:10.062-0500][gc,marking  ] GC(6) Concurrent Preclean 0.017ms
[2024-03-21T16:12:10.062-0500][gc,start    ] GC(6) Pause Remark
[2024-03-21T16:12:10.063-0500][gc          ] GC(6) Pause Remark 145M->145M(1024M) 1.017ms
[2024-03-21T16:12:10.063-0500][gc,cpu      ] GC(6) User=0.01s Sys=0.00s Real=0.00s
[2024-03-21T16:12:10.063-0500][gc,marking  ] GC(6) Concurrent Mark 6.528ms
[2024-03-21T16:12:10.063-0500][gc,marking  ] GC(6) Concurrent Rebuild Remembered Sets and Scrub Regions
[2024-03-21T16:12:10.066-0500][gc,marking  ] GC(6) Concurrent Rebuild Remembered Sets and Scrub Regions 2.552ms
[2024-03-21T16:12:10.066-0500][gc,start    ] GC(6) Pause Cleanup
[2024-03-21T16:12:10.066-0500][gc          ] GC(6) Pause Cleanup 145M->145M(1024M) 0.093ms
[2024-03-21T16:12:10.066-0500][gc,cpu      ] GC(6) User=0.00s Sys=0.00s Real=0.00s
[2024-03-21T16:12:10.066-0500][gc,marking  ] GC(6) Concurrent Clear Claimed Marks
[2024-03-21T16:12:10.066-0500][gc,marking  ] GC(6) Concurrent Clear Claimed Marks 0.010ms
[2024-03-21T16:12:10.066-0500][gc,marking  ] GC(6) Concurrent Cleanup for Next Mark
[2024-03-21T16:12:10.067-0500][gc,marking  ] GC(6) Concurrent Cleanup for Next Mark 0.903ms
[2024-03-21T16:12:10.067-0500][gc          ] GC(6) Concurrent Mark Cycle 10.919ms
