[2024-03-21T16:14:21.513-0500][gc,init] CardTable entry size: 512
[2024-03-21T16:14:21.513-0500][gc     ] Using G1
[2024-03-21T16:14:21.514-0500][gc,init] Version: 21.0.2+13-58 (release)
[2024-03-21T16:14:21.514-0500][gc,init] CPUs: 8 total, 8 available
[2024-03-21T16:14:21.514-0500][gc,init] Memory: 16384M
[2024-03-21T16:14:21.514-0500][gc,init] Large Page Support: Disabled
[2024-03-21T16:14:21.514-0500][gc,init] NUMA Support: Disabled
[2024-03-21T16:14:21.514-0500][gc,init] Compressed Oops: Enabled (Zero based)
[2024-03-21T16:14:21.514-0500][gc,init] Heap Region Size: 1M
[2024-03-21T16:14:21.514-0500][gc,init] Heap Min Capacity: 1G
[2024-03-21T16:14:21.514-0500][gc,init] Heap Initial Capacity: 1G
[2024-03-21T16:14:21.514-0500][gc,init] Heap Max Capacity: 1G
[2024-03-21T16:14:21.514-0500][gc,init] Pre-touch: Disabled
[2024-03-21T16:14:21.514-0500][gc,init] Parallel Workers: 8
[2024-03-21T16:14:21.514-0500][gc,init] Concurrent Workers: 2
[2024-03-21T16:14:21.514-0500][gc,init] Concurrent Refinement Workers: 8
[2024-03-21T16:14:21.514-0500][gc,init] Periodic GC: Disabled
[2024-03-21T16:14:21.518-0500][gc,metaspace] CDS archive(s) mapped at: [0x0000007000000000-0x0000007000ca4000-0x0000007000ca4000), size 13254656, SharedBaseAddress: 0x0000007000000000, ArchiveRelocationMode: 1.
[2024-03-21T16:14:21.518-0500][gc,metaspace] Compressed class space mapped at: 0x0000007001000000-0x0000007041000000, reserved size: 1073741824
[2024-03-21T16:14:21.518-0500][gc,metaspace] Narrow klass base: 0x0000007000000000, Narrow klass shift: 0, Narrow klass range: 0x100000000
[2024-03-21T16:14:22.083-0500][gc,start    ] GC(0) Pause Young (Normal) (G1 Evacuation Pause)
[2024-03-21T16:14:22.083-0500][gc,task     ] GC(0) Using 8 workers of 8 for evacuation
[2024-03-21T16:14:22.086-0500][gc,phases   ] GC(0)   Pre Evacuate Collection Set: 0.2ms
[2024-03-21T16:14:22.086-0500][gc,phases   ] GC(0)   Merge Heap Roots: 0.0ms
[2024-03-21T16:14:22.086-0500][gc,phases   ] GC(0)   Evacuate Collection Set: 2.2ms
[2024-03-21T16:14:22.086-0500][gc,phases   ] GC(0)   Post Evacuate Collection Set: 0.3ms
[2024-03-21T16:14:22.086-0500][gc,phases   ] GC(0)   Other: 0.2ms
[2024-03-21T16:14:22.086-0500][gc,heap     ] GC(0) Eden regions: 51->0(44)
[2024-03-21T16:14:22.086-0500][gc,heap     ] GC(0) Survivor regions: 0->7(7)
[2024-03-21T16:14:22.086-0500][gc,heap     ] GC(0) Old regions: 2->3
[2024-03-21T16:14:22.086-0500][gc,heap     ] GC(0) Humongous regions: 0->0
[2024-03-21T16:14:22.086-0500][gc,metaspace] GC(0) Metaspace: 17624K(17792K)->17624K(17792K) NonClass: 15586K(15680K)->15586K(15680K) Class: 2038K(2112K)->2038K(2112K)
[2024-03-21T16:14:22.086-0500][gc          ] GC(0) Pause Young (Normal) (G1 Evacuation Pause) 52M->8M(1024M) 3.117ms
[2024-03-21T16:14:22.086-0500][gc,cpu      ] GC(0) User=0.01s Sys=0.00s Real=0.00s
[2024-03-21T16:14:22.186-0500][gc,start    ] GC(1) Pause Young (Concurrent Start) (Metadata GC Threshold)
[2024-03-21T16:14:22.187-0500][gc,task     ] GC(1) Using 8 workers of 8 for evacuation
[2024-03-21T16:14:22.189-0500][gc,phases   ] GC(1)   Pre Evacuate Collection Set: 0.2ms
[2024-03-21T16:14:22.189-0500][gc,phases   ] GC(1)   Merge Heap Roots: 0.0ms
[2024-03-21T16:14:22.189-0500][gc,phases   ] GC(1)   Evacuate Collection Set: 1.7ms
[2024-03-21T16:14:22.189-0500][gc,phases   ] GC(1)   Post Evacuate Collection Set: 0.2ms
[2024-03-21T16:14:22.189-0500][gc,phases   ] GC(1)   Other: 0.0ms
[2024-03-21T16:14:22.189-0500][gc,heap     ] GC(1) Eden regions: 15->0(49)
[2024-03-21T16:14:22.189-0500][gc,heap     ] GC(1) Survivor regions: 7->2(7)
[2024-03-21T16:14:22.189-0500][gc,heap     ] GC(1) Old regions: 3->10
[2024-03-21T16:14:22.189-0500][gc,heap     ] GC(1) Humongous regions: 0->0
[2024-03-21T16:14:22.189-0500][gc,metaspace] GC(1) Metaspace: 21311K(21504K)->21311K(21504K) NonClass: 18825K(18944K)->18825K(18944K) Class: 2486K(2560K)->2486K(2560K)
[2024-03-21T16:14:22.189-0500][gc          ] GC(1) Pause Young (Concurrent Start) (Metadata GC Threshold) 22M->10M(1024M) 2.361ms
[2024-03-21T16:14:22.189-0500][gc,cpu      ] GC(1) User=0.01s Sys=0.00s Real=0.00s
[2024-03-21T16:14:22.189-0500][gc          ] GC(2) Concurrent Mark Cycle
[2024-03-21T16:14:22.189-0500][gc,marking  ] GC(2) Concurrent Scan Root Regions
[2024-03-21T16:14:22.190-0500][gc,marking  ] GC(2) Concurrent Scan Root Regions 1.366ms
[2024-03-21T16:14:22.190-0500][gc,marking  ] GC(2) Concurrent Mark
[2024-03-21T16:14:22.190-0500][gc,marking  ] GC(2) Concurrent Mark From Roots
[2024-03-21T16:14:22.190-0500][gc,task     ] GC(2) Using 2 workers of 2 for marking
[2024-03-21T16:14:22.191-0500][gc,marking  ] GC(2) Concurrent Mark From Roots 0.753ms
[2024-03-21T16:14:22.191-0500][gc,marking  ] GC(2) Concurrent Preclean
[2024-03-21T16:14:22.191-0500][gc,marking  ] GC(2) Concurrent Preclean 0.005ms
[2024-03-21T16:14:22.191-0500][gc,start    ] GC(2) Pause Remark
[2024-03-21T16:14:22.192-0500][gc          ] GC(2) Pause Remark 11M->11M(1024M) 1.000ms
[2024-03-21T16:14:22.192-0500][gc,cpu      ] GC(2) User=0.00s Sys=0.00s Real=0.00s
[2024-03-21T16:14:22.192-0500][gc,marking  ] GC(2) Concurrent Mark 1.870ms
[2024-03-21T16:14:22.192-0500][gc,marking  ] GC(2) Concurrent Rebuild Remembered Sets and Scrub Regions
[2024-03-21T16:14:22.193-0500][gc,marking  ] GC(2) Concurrent Rebuild Remembered Sets and Scrub Regions 1.082ms
[2024-03-21T16:14:22.193-0500][gc,start    ] GC(2) Pause Cleanup
[2024-03-21T16:14:22.193-0500][gc          ] GC(2) Pause Cleanup 11M->11M(1024M) 0.089ms
[2024-03-21T16:14:22.193-0500][gc,cpu      ] GC(2) User=0.00s Sys=0.00s Real=0.00s
[2024-03-21T16:14:22.193-0500][gc,marking  ] GC(2) Concurrent Clear Claimed Marks
[2024-03-21T16:14:22.193-0500][gc,marking  ] GC(2) Concurrent Clear Claimed Marks 0.010ms
[2024-03-21T16:14:22.193-0500][gc,marking  ] GC(2) Concurrent Cleanup for Next Mark
[2024-03-21T16:14:22.195-0500][gc,marking  ] GC(2) Concurrent Cleanup for Next Mark 1.421ms
[2024-03-21T16:14:22.195-0500][gc          ] GC(2) Concurrent Mark Cycle 5.991ms
[2024-03-21T16:14:22.506-0500][gc,start    ] GC(3) Pause Young (Prepare Mixed) (G1 Evacuation Pause)
[2024-03-21T16:14:22.506-0500][gc,task     ] GC(3) Using 8 workers of 8 for evacuation
[2024-03-21T16:14:22.508-0500][gc,phases   ] GC(3)   Pre Evacuate Collection Set: 0.2ms
[2024-03-21T16:14:22.508-0500][gc,phases   ] GC(3)   Merge Heap Roots: 0.0ms
[2024-03-21T16:14:22.508-0500][gc,phases   ] GC(3)   Evacuate Collection Set: 1.9ms
[2024-03-21T16:14:22.508-0500][gc,phases   ] GC(3)   Post Evacuate Collection Set: 0.2ms
[2024-03-21T16:14:22.508-0500][gc,phases   ] GC(3)   Other: 0.0ms
[2024-03-21T16:14:22.508-0500][gc,heap     ] GC(3) Eden regions: 49->0(44)
[2024-03-21T16:14:22.508-0500][gc,heap     ] GC(3) Survivor regions: 2->7(7)
[2024-03-21T16:14:22.508-0500][gc,heap     ] GC(3) Old regions: 10->10
[2024-03-21T16:14:22.508-0500][gc,heap     ] GC(3) Humongous regions: 129->129
[2024-03-21T16:14:22.508-0500][gc,metaspace] GC(3) Metaspace: 32858K(33216K)->32858K(33216K) NonClass: 29268K(29440K)->29268K(29440K) Class: 3589K(3776K)->3589K(3776K)
[2024-03-21T16:14:22.508-0500][gc          ] GC(3) Pause Young (Prepare Mixed) (G1 Evacuation Pause) 188M->144M(1024M) 2.541ms
[2024-03-21T16:14:22.508-0500][gc,cpu      ] GC(3) User=0.02s Sys=0.00s Real=0.00s
