[2024-03-21T16:14:18.514-0500][gc,init] CardTable entry size: 512
[2024-03-21T16:14:18.514-0500][gc     ] Using G1
[2024-03-21T16:14:18.515-0500][gc,init] Version: 21.0.2+13-58 (release)
[2024-03-21T16:14:18.515-0500][gc,init] CPUs: 8 total, 8 available
[2024-03-21T16:14:18.515-0500][gc,init] Memory: 16384M
[2024-03-21T16:14:18.515-0500][gc,init] Large Page Support: Disabled
[2024-03-21T16:14:18.515-0500][gc,init] NUMA Support: Disabled
[2024-03-21T16:14:18.515-0500][gc,init] Compressed Oops: Enabled (Zero based)
[2024-03-21T16:14:18.515-0500][gc,init] Heap Region Size: 1M
[2024-03-21T16:14:18.515-0500][gc,init] Heap Min Capacity: 512M
[2024-03-21T16:14:18.515-0500][gc,init] Heap Initial Capacity: 512M
[2024-03-21T16:14:18.515-0500][gc,init] Heap Max Capacity: 512M
[2024-03-21T16:14:18.515-0500][gc,init] Pre-touch: Disabled
[2024-03-21T16:14:18.515-0500][gc,init] Parallel Workers: 8
[2024-03-21T16:14:18.515-0500][gc,init] Concurrent Workers: 2
[2024-03-21T16:14:18.515-0500][gc,init] Concurrent Refinement Workers: 8
[2024-03-21T16:14:18.515-0500][gc,init] Periodic GC: Disabled
[2024-03-21T16:14:18.518-0500][gc,metaspace] CDS archive(s) mapped at: [0x000000a000000000-0x000000a000ca4000-0x000000a000ca4000), size 13254656, SharedBaseAddress: 0x000000a000000000, ArchiveRelocationMode: 1.
[2024-03-21T16:14:18.518-0500][gc,metaspace] Compressed class space mapped at: 0x000000a001000000-0x000000a041000000, reserved size: 1073741824
[2024-03-21T16:14:18.518-0500][gc,metaspace] Narrow klass base: 0x000000a000000000, Narrow klass shift: 0, Narrow klass range: 0x100000000
[2024-03-21T16:14:19.132-0500][gc,start    ] GC(0) Pause Young (Normal) (G1 Evacuation Pause)
[2024-03-21T16:14:19.132-0500][gc,task     ] GC(0) Using 8 workers of 8 for evacuation
[2024-03-21T16:14:19.135-0500][gc,phases   ] GC(0)   Pre Evacuate Collection Set: 0.1ms
[2024-03-21T16:14:19.135-0500][gc,phases   ] GC(0)   Merge Heap Roots: 0.0ms
[2024-03-21T16:14:19.135-0500][gc,phases   ] GC(0)   Evacuate Collection Set: 2.4ms
[2024-03-21T16:14:19.135-0500][gc,phases   ] GC(0)   Post Evacuate Collection Set: 0.3ms
[2024-03-21T16:14:19.135-0500][gc,phases   ] GC(0)   Other: 0.2ms
[2024-03-21T16:14:19.135-0500][gc,heap     ] GC(0) Eden regions: 25->0(21)
[2024-03-21T16:14:19.135-0500][gc,heap     ] GC(0) Survivor regions: 0->4(4)
[2024-03-21T16:14:19.135-0500][gc,heap     ] GC(0) Old regions: 2->6
[2024-03-21T16:14:19.135-0500][gc,heap     ] GC(0) Humongous regions: 0->0
[2024-03-21T16:14:19.135-0500][gc,metaspace] GC(0) Metaspace: 8183K(8448K)->8183K(8448K) NonClass: 7310K(7424K)->7310K(7424K) Class: 873K(1024K)->873K(1024K)
[2024-03-21T16:14:19.135-0500][gc          ] GC(0) Pause Young (Normal) (G1 Evacuation Pause) 26M->8M(512M) 3.237ms
[2024-03-21T16:14:19.135-0500][gc,cpu      ] GC(0) User=0.01s Sys=0.01s Real=0.00s
